Component: ARM Compiler 5.06 update 6 (build 750) Tool: armlink [4d35ed]

==============================================================================

Section Cross References

    main.o(i.main) refers to my_board.o(i.My_Board_Init) for My_Board_Init
    main.o(i.main) refers to max1726x.o(i.maxim_max1726x_check_por) for maxim_max1726x_check_por
    main.o(i.main) refers to max1726x.o(i.maxim_max1726x_wait_dnr) for maxim_max1726x_wait_dnr
    main.o(i.main) refers to max1726x.o(i.maxim_max1726x_initialize_ez_config) for maxim_max1726x_initialize_ez_config
    main.o(i.main) refers to max1726x.o(i.maxim_max1726x_clear_por) for maxim_max1726x_clear_por
    main.o(i.main) refers to max1726x.o(i.maxim_max1726x_get_serial_number) for maxim_max1726x_get_serial_number
    main.o(i.main) refers to my_board.o(i.maxim_max32660_async_read_via_uart1) for maxim_max32660_async_read_via_uart1
    main.o(i.main) refers to protocol.o(i.CommandOperation) for CommandOperation
    main.o(i.main) refers to my_board.o(i.maxim_max32660_send_string_via_uart1) for maxim_max32660_send_string_via_uart1
    main.o(i.main) refers to max1726x.o(.bss) for max1726x_serialnum
    main.o(i.main) refers to protocol.o(.data) for command_packet
    main.o(i.main) refers to my_board.o(.data) for uart1_async_read_flag
    max1726x.o(i.maxim_max1726x_check_por) refers to max1726x.o(i.maxim_max1726x_read_reg) for maxim_max1726x_read_reg
    max1726x.o(i.maxim_max1726x_check_por) refers to max1726x.o(.bss) for max1726x_regs
    max1726x.o(i.maxim_max1726x_clear_por) refers to max1726x.o(i.maxim_max1726x_read_reg) for maxim_max1726x_read_reg
    max1726x.o(i.maxim_max1726x_clear_por) refers to max1726x.o(i.maxim_max1726x_write_and_verify_reg) for maxim_max1726x_write_and_verify_reg
    max1726x.o(i.maxim_max1726x_clear_por) refers to max1726x.o(.bss) for max1726x_regs
    max1726x.o(i.maxim_max1726x_get_repcap) refers to max1726x.o(i.maxim_max1726x_read_reg) for maxim_max1726x_read_reg
    max1726x.o(i.maxim_max1726x_get_repcap) refers to max1726x.o(.bss) for max1726x_regs
    max1726x.o(i.maxim_max1726x_get_repsoc) refers to max1726x.o(i.maxim_max1726x_read_reg) for maxim_max1726x_read_reg
    max1726x.o(i.maxim_max1726x_get_repsoc) refers to max1726x.o(.bss) for max1726x_regs
    max1726x.o(i.maxim_max1726x_get_serial_number) refers to max1726x.o(i.maxim_max1726x_read_reg) for maxim_max1726x_read_reg
    max1726x.o(i.maxim_max1726x_get_serial_number) refers to max1726x.o(i.maxim_max1726x_write_and_verify_reg) for maxim_max1726x_write_and_verify_reg
    max1726x.o(i.maxim_max1726x_get_serial_number) refers to my_board.o(i.delay) for delay
    max1726x.o(i.maxim_max1726x_get_serial_number) refers to max1726x.o(.bss) for max1726x_regs
    max1726x.o(i.maxim_max1726x_get_tte) refers to max1726x.o(i.maxim_max1726x_read_reg) for maxim_max1726x_read_reg
    max1726x.o(i.maxim_max1726x_get_tte) refers to max1726x.o(.bss) for max1726x_regs
    max1726x.o(i.maxim_max1726x_initialize_ez_config) refers to max1726x.o(i.maxim_max1726x_read_reg) for maxim_max1726x_read_reg
    max1726x.o(i.maxim_max1726x_initialize_ez_config) refers to max1726x.o(i.maxim_max1726x_write_reg) for maxim_max1726x_write_reg
    max1726x.o(i.maxim_max1726x_initialize_ez_config) refers to my_board.o(i.delay) for delay
    max1726x.o(i.maxim_max1726x_initialize_ez_config) refers to max1726x.o(.data) for max1726x_ez_config
    max1726x.o(i.maxim_max1726x_initialize_ez_config) refers to max1726x.o(.bss) for max1726x_regs
    max1726x.o(i.maxim_max1726x_initialize_full_ini) refers to max1726x.o(i.maxim_max1726x_read_reg) for maxim_max1726x_read_reg
    max1726x.o(i.maxim_max1726x_initialize_full_ini) refers to max1726x.o(i.maxim_max1726x_write_reg) for maxim_max1726x_write_reg
    max1726x.o(i.maxim_max1726x_initialize_full_ini) refers to max1726x.o(i.maxim_max1726x_unlock_model_data) for maxim_max1726x_unlock_model_data
    max1726x.o(i.maxim_max1726x_initialize_full_ini) refers to my_board.o(i.delay) for delay
    max1726x.o(i.maxim_max1726x_initialize_full_ini) refers to max1726x.o(i.maxim_max1726x_write_model_data) for maxim_max1726x_write_model_data
    max1726x.o(i.maxim_max1726x_initialize_full_ini) refers to max1726x.o(i.maxim_max1726x_lock_model_data) for maxim_max1726x_lock_model_data
    max1726x.o(i.maxim_max1726x_initialize_full_ini) refers to max1726x.o(i.maxim_max1726x_verify_model_data_locked) for maxim_max1726x_verify_model_data_locked
    max1726x.o(i.maxim_max1726x_initialize_full_ini) refers to max1726x.o(i.maxim_max1726x_write_and_verify_reg) for maxim_max1726x_write_and_verify_reg
    max1726x.o(i.maxim_max1726x_initialize_full_ini) refers to max1726x.o(.bss) for max1726x_full_ini
    max1726x.o(i.maxim_max1726x_initialize_short_ini) refers to max1726x.o(i.maxim_max1726x_read_reg) for maxim_max1726x_read_reg
    max1726x.o(i.maxim_max1726x_initialize_short_ini) refers to max1726x.o(i.maxim_max1726x_write_reg) for maxim_max1726x_write_reg
[...]
    printf5.o(i._printf_core) refers to uldiv.o(.text) for __aeabi_uldivmod
    printf6.o(i.__0fprintf$6) refers to printf6.o(i._printf_core) for _printf_core
    printf6.o(i.__0fprintf$6) refers to stdio.o(i.fputc) for fputc
    printf6.o(i.__0printf$6) refers to printf6.o(i._printf_core) for _printf_core
    printf6.o(i.__0printf$6) refers to stdio.o(i.fputc) for fputc
    printf6.o(i.__0printf$6) refers to stdio.o(.data) for __stdout
    printf6.o(i.__0snprintf$6) refers to printf6.o(i._printf_core) for _printf_core
    printf6.o(i.__0snprintf$6) refers to printf6.o(i._snputc) for _snputc
    printf6.o(i.__0sprintf$6) refers to printf6.o(i._printf_core) for _printf_core
    printf6.o(i.__0sprintf$6) refers to printf6.o(i._sputc) for _sputc
    printf6.o(i.__0vfprintf$6) refers to printf6.o(i._printf_core) for _printf_core
    printf6.o(i.__0vfprintf$6) refers to stdio.o(i.fputc) for fputc
    printf6.o(i.__0vprintf$6) refers to printf6.o(i._printf_core) for _printf_core
    printf6.o(i.__0vprintf$6) refers to stdio.o(i.fputc) for fputc
    printf6.o(i.__0vprintf$6) refers to stdio.o(.data) for __stdout
    printf6.o(i.__0vsnprintf$6) refers to printf6.o(i._printf_core) for _printf_core
    printf6.o(i.__0vsnprintf$6) refers to printf6.o(i._snputc) for _snputc
    printf6.o(i.__0vsprintf$6) refers to printf6.o(i._printf_core) for _printf_core
    printf6.o(i.__0vsprintf$6) refers to printf6.o(i._sputc) for _sputc
    printf6.o(i._printf_core) refers to printf6.o(i._printf_pre_padding) for _printf_pre_padding
    printf6.o(i._printf_core) refers to uidiv.o(.text) for __aeabi_uidivmod
    printf6.o(i._printf_core) refers to printf6.o(i._printf_post_padding) for _printf_post_padding
    printf7.o(i.__0fprintf$7) refers to printf7.o(i._printf_core) for _printf_core
    printf7.o(i.__0fprintf$7) refers to stdio.o(i.fputc) for fputc
    printf7.o(i.__0printf$7) refers to printf7.o(i._printf_core) for _printf_core
    printf7.o(i.__0printf$7) refers to stdio.o(i.fputc) for fputc
    printf7.o(i.__0printf$7) refers to stdio.o(.data) for __stdout
    printf7.o(i.__0snprintf$7) refers to printf7.o(i._printf_core) for _printf_core
    printf7.o(i.__0snprintf$7) refers to printf7.o(i._snputc) for _snputc
    printf7.o(i.__0sprintf$7) refers to printf7.o(i._printf_core) for _printf_core
    printf7.o(i.__0sprintf$7) refers to printf7.o(i._sputc) for _sputc
    printf7.o(i.__0vfprintf$7) refers to printf7.o(i._printf_core) for _printf_core
    printf7.o(i.__0vfprintf$7) refers to stdio.o(i.fputc) for fputc
    printf7.o(i.__0vprintf$7) refers to printf7.o(i._printf_core) for _printf_core
    printf7.o(i.__0vprintf$7) refers to stdio.o(i.fputc) for fputc
    printf7.o(i.__0vprintf$7) refers to stdio.o(.data) for __stdout
    printf7.o(i.__0vsnprintf$7) refers to printf7.o(i._printf_core) for _printf_core
    printf7.o(i.__0vsnprintf$7) refers to printf7.o(i._snputc) for _snputc
    printf7.o(i.__0vsprintf$7) refers to printf7.o(i._printf_core) for _printf_core
    printf7.o(i.__0vsprintf$7) refers to printf7.o(i._sputc) for _sputc
    printf7.o(i._printf_core) refers to printf7.o(i._printf_pre_padding) for _printf_pre_padding
    printf7.o(i._printf_core) refers to uldiv.o(.text) for __aeabi_uldivmod
    printf7.o(i._printf_core) refers to printf7.o(i._printf_post_padding) for _printf_post_padding
    printf8.o(i.__0fprintf$8) refers to printf8.o(i._printf_core) for _printf_core
    printf8.o(i.__0fprintf$8) refers to stdio.o(i.fputc) for fputc
    printf8.o(i.__0printf$8) refers to printf8.o(i._printf_core) for _printf_core
    printf8.o(i.__0printf$8) refers to stdio.o(i.fputc) for fputc
    printf8.o(i.__0printf$8) refers to stdio.o(.data) for __stdout
    printf8.o(i.__0snprintf$8) refers to printf8.o(i._printf_core) for _printf_core
    printf8.o(i.__0snprintf$8) refers to printf8.o(i._snputc) for _snputc
    printf8.o(i.__0sprintf$8) refers to printf8.o(i._printf_core) for _printf_core
    printf8.o(i.__0sprintf$8) refers to printf8.o(i._sputc) for _sputc
    printf8.o(i.__0vfprintf$8) refers to printf8.o(i._printf_core) for _printf_core
    printf8.o(i.__0vfprintf$8) refers to stdio.o(i.fputc) for fputc
    printf8.o(i.__0vprintf$8) refers to printf8.o(i._printf_core) for _printf_core
    printf8.o(i.__0vprintf$8) refers to stdio.o(i.fputc) for fputc
    printf8.o(i.__0vprintf$8) refers to stdio.o(.data) for __stdout
    printf8.o(i.__0vsnprintf$8) refers to printf8.o(i._printf_core) for _printf_core
    printf8.o(i.__0vsnprintf$8) refers to printf8.o(i._snputc) for _snputc
    printf8.o(i.__0vsprintf$8) refers to printf8.o(i._printf_core) for _printf_core
    printf8.o(i.__0vsprintf$8) refers to printf8.o(i._sputc) for _sputc
    printf8.o(i._printf_core) refers to printf8.o(i._printf_pre_padding) for _printf_pre_padding
    printf8.o(i._printf_core) refers to uldiv.o(.text) for __aeabi_uldivmod
    printf8.o(i._printf_core) refers to printf8.o(i._printf_post_padding) for _printf_post_padding
    printfa.o(i.__0fprintf) refers (Special) to iusefp.o(.text) for __I$use$fp
    printfa.o(i.__0fprintf) refers to printfa.o(i._printf_core) for _printf_core
    printfa.o(i.__0fprintf) refers to stdio.o(i.fputc) for fputc
    printfa.o(i.__0printf) refers (Special) to iusefp.o(.text) for __I$use$fp
    printfa.o(i.__0printf) refers to printfa.o(i._printf_core) for _printf_core
    printfa.o(i.__0printf) refers to stdio.o(i.fputc) for fputc
    printfa.o(i.__0printf) refers to stdio.o(.data) for __stdout
    printfa.o(i.__0snprintf) refers (Special) to iusefp.o(.text) for __I$use$fp
    printfa.o(i.__0snprintf) refers to printfa.o(i._printf_core) for _printf_core
    printfa.o(i.__0snprintf) refers to printfa.o(i._snputc) for _snputc
    printfa.o(i.__0sprintf) refers (Special) to iusefp.o(.text) for __I$use$fp
    printfa.o(i.__0sprintf) refers to printfa.o(i._printf_core) for _printf_core
    printfa.o(i.__0sprintf) refers to printfa.o(i._sputc) for _sputc
    printfa.o(i.__0vfprintf) refers (Special) to iusefp.o(.text) for __I$use$fp
    printfa.o(i.__0vfprintf) refers to printfa.o(i._printf_core) for _printf_core
    printfa.o(i.__0vfprintf) refers to stdio.o(i.fputc) for fputc
    printfa.o(i.__0vprintf) refers (Special) to iusefp.o(.text) for __I$use$fp
    printfa.o(i.__0vprintf) refers to printfa.o(i._printf_core) for _printf_core
    printfa.o(i.__0vprintf) refers to stdio.o(i.fputc) for fputc
    printfa.o(i.__0vprintf) refers to stdio.o(.data) for __stdout
    printfa.o(i.__0vsnprintf) refers (Special) to iusefp.o(.text) for __I$use$fp
    printfa.o(i.__0vsnprintf) refers to printfa.o(i._printf_core) for _printf_core
    printfa.o(i.__0vsnprintf) refers to printfa.o(i._snputc) for _snputc
    printfa.o(i.__0vsprintf) refers (Special) to iusefp.o(.text) for __I$use$fp
    printfa.o(i.__0vsprintf) refers to printfa.o(i._printf_core) for _printf_core
    printfa.o(i.__0vsprintf) refers to printfa.o(i._sputc) for _sputc
    printfa.o(i._fp_digits) refers (Special) to iusefp.o(.text) for __I$use$fp
    printfa.o(i._fp_digits) refers to dmul.o(.text) for __aeabi_dmul
    printfa.o(i._fp_digits) refers to ddiv.o(.text) for __aeabi_ddiv
    printfa.o(i._fp_digits) refers to cdrcmple.o(.text) for __aeabi_cdrcmple
    printfa.o(i._fp_digits) refers to dadd.o(.text) for __aeabi_dadd
    printfa.o(i._fp_digits) refers to dfixul.o(.text) for __aeabi_d2ulz
    printfa.o(i._fp_digits) refers to uldiv.o(.text) for __aeabi_uldivmod
    printfa.o(i._printf_core) refers (Special) to iusefp.o(.text) for __I$use$fp
    printfa.o(i._printf_core) refers to printfa.o(i._printf_pre_padding) for _printf_pre_padding
    printfa.o(i._printf_core) refers to uldiv.o(.text) for __aeabi_uldivmod
    printfa.o(i._printf_core) refers to printfa.o(i._printf_post_padding) for _printf_post_padding
    printfa.o(i._printf_core) refers to printfa.o(i._fp_digits) for _fp_digits
    printfa.o(i._printf_core) refers to uidiv.o(.text) for __aeabi_uidivmod
    printfa.o(i._printf_post_padding) refers (Special) to iusefp.o(.text) for __I$use$fp
    printfa.o(i._printf_pre_padding) refers (Special) to iusefp.o(.text) for __I$use$fp
    printfa.o(i._snputc) refers (Special) to iusefp.o(.text) for __I$use$fp
    printfa.o(i._sputc) refers (Special) to iusefp.o(.text) for __I$use$fp
    entry2.o(.ARM.Collect$$$$00000001) refers to entry2.o(.ARM.Collect$$$$00002712) for __lit__00000000
    entry2.o(.ARM.Collect$$$$00002712) refers to startup_max32660.o(STACK) for __initial_sp
    entry2.o(__vectab_stack_and_reset_area) refers to startup_max32660.o(STACK) for __initial_sp
    entry2.o(__vectab_stack_and_reset_area) refers to entry.o(.ARM.Collect$$$$00000000) for __main
    entry9a.o(.ARM.Collect$$$$0000000B) refers to main.o(i.main) for main
    entry9b.o(.ARM.Collect$$$$0000000C) refers to main.o(i.main) for main
    init.o(.text) refers to system_max32660.o(i.$Sub$$__main_after_scatterload) for __main_after_scatterload
    dadd.o(.text) refers to llshl.o(.text) for __aeabi_llsl
    dadd.o(.text) refers to llsshr.o(.text) for __aeabi_lasr
    dadd.o(.text) refers to depilogue.o(.text) for _double_epilogue
    dmul.o(.text) refers to depilogue.o(.text) for _double_epilogue
    ddiv.o(.text) refers to depilogue.o(.text) for _double_round
    dfixul.o(.text) refers to llushr.o(.text) for __aeabi_llsr
    dfixul.o(.text) refers to llshl.o(.text) for __aeabi_llsl
    depilogue.o(.text) refers to llshl.o(.text) for __aeabi_llsl
    depilogue.o(.text) refers to llushr.o(.text) for __aeabi_llsr


==============================================================================

Removing Unused input sections from the image.

    Removing main.o(.rev16_text), (4 bytes).
    Removing main.o(.revsh_text), (4 bytes).
    Removing main.o(.rrx_text), (6 bytes).
    Removing max1726x.o(.rev16_text), (4 bytes).
    Removing max1726x.o(.revsh_text), (4 bytes).
    Removing max1726x.o(.rrx_text), (6 bytes).
    Removing max1726x.o(i.maxim_max1726x_get_repcap), (64 bytes).
    Removing max1726x.o(i.maxim_max1726x_get_repsoc), (60 bytes).
    Removing max1726x.o(i.maxim_max1726x_get_tte), (60 bytes).
    Removing max1726x.o(i.maxim_max1726x_initialize_full_ini), (716 bytes).
    Removing max1726x.o(i.maxim_max1726x_initialize_short_ini), (340 bytes).
    Removing max1726x.o(i.maxim_max1726x_lock_model_data), (24 bytes).
    Removing max1726x.o(i.maxim_max1726x_restore_learned_parameters), (116 bytes).
    Removing max1726x.o(i.maxim_max1726x_save_learned_parameters), (104 bytes).
    Removing max1726x.o(i.maxim_max1726x_unlock_model_data), (28 bytes).
    Removing max1726x.o(i.maxim_max1726x_verify_model_data_locked), (104 bytes).
    Removing max1726x.o(i.maxim_max1726x_write_model_data), (184 bytes).
    Removing my_board.o(.rev16_text), (4 bytes).
    Removing my_board.o(.revsh_text), (4 bytes).
    Removing my_board.o(.rrx_text), (6 bytes).
    Removing my_board.o(i.maxim_max32660_async_write_via_uart1), (44 bytes).
    Removing my_board.o(i.maxim_max32660_send_char_via_uart1), (20 bytes).
    Removing max14748.o(.rev16_text), (4 bytes).
    Removing max14748.o(.revsh_text), (4 bytes).
    Removing max14748.o(.rrx_text), (6 bytes).
    Removing max14746.o(.rev16_text), (4 bytes).
    Removing max14746.o(.revsh_text), (4 bytes).
    Removing max14746.o(.rrx_text), (6 bytes).
    Removing max14746.o(i.maxim_max14746_read_reg), (40 bytes).
    Removing max14746.o(i.maxim_max14746_write_reg), (30 bytes).
    Removing max14746.o(.bss), (20 bytes).
    Removing protocol.o(.rev16_text), (4 bytes).
    Removing protocol.o(.revsh_text), (4 bytes).
    Removing protocol.o(.rrx_text), (6 bytes).
    Removing board.o(.rev16_text), (4 bytes).
    Removing board.o(.revsh_text), (4 bytes).
    Removing board.o(.rrx_text), (6 bytes).
    Removing board.o(i.Console_Shutdown), (28 bytes).
    Removing board.o(i.mxc_assert), (52 bytes).
    Removing led.o(.rev16_text), (4 bytes).
    Removing led.o(.revsh_text), (4 bytes).
    Removing led.o(.rrx_text), (6 bytes).
    Removing led.o(i.LED_On), (24 bytes).
    Removing led.o(i.LED_Toggle), (24 bytes).
    Removing pb.o(.rev16_text), (4 bytes).
    Removing pb.o(.revsh_text), (4 bytes).
    Removing pb.o(.rrx_text), (6 bytes).
    Removing pb.o(i.PB_Get), (32 bytes).
    Removing pb.o(i.PB_IntClear), (24 bytes).
    Removing pb.o(i.PB_IntDisable), (24 bytes).
    Removing pb.o(i.PB_IntEnable), (24 bytes).
    Removing pb.o(i.PB_RegisterCallback), (148 bytes).
    Removing stdio.o(.rev16_text), (4 bytes).
    Removing stdio.o(.revsh_text), (4 bytes).
    Removing stdio.o(.rrx_text), (6 bytes).
    Removing stdio.o(i.__backspace), (28 bytes).
    Removing stdio.o(i._sys_exit), (4 bytes).
    Removing stdio.o(i._ttywrch), (40 bytes).
    Removing stdio.o(i.ferror), (16 bytes).
    Removing stdio.o(i.fgetc), (40 bytes).
    Removing stdio.o(i.fputc), (44 bytes).
    Removing stdio.o(.data), (16 bytes).
    Removing i2c.o(.rev16_text), (4 bytes).
    Removing i2c.o(.revsh_text), (4 bytes).
    Removing i2c.o(.rrx_text), (6 bytes).
    Removing i2c.o(i.I2C_AbortAsync), (80 bytes).
    Removing i2c.o(i.I2C_DrainRX), (10 bytes).
    Removing i2c.o(i.I2C_DrainTX), (10 bytes).
    Removing i2c.o(i.I2C_Handler), (40 bytes).
    Removing i2c.o(i.I2C_MasterAsync), (172 bytes).
    Removing i2c.o(i.I2C_MasterHandler), (524 bytes).
    Removing i2c.o(i.I2C_Slave), (628 bytes).
    Removing i2c.o(i.I2C_SlaveAsync), (120 bytes).
    Removing i2c.o(i.I2C_SlaveHandler), (540 bytes).
    Removing uart.o(.rev16_text), (4 bytes).
    Removing uart.o(.revsh_text), (4 bytes).
    Removing uart.o(.rrx_text), (6 bytes).
    Removing uart.o(i.UART_AbortAsync), (232 bytes).
    Removing uart.o(i.UART_Busy), (88 bytes).
    Removing uart.o(i.UART_Disable), (10 bytes).
    Removing uart.o(i.UART_DrainRX), (10 bytes).
    Removing uart.o(i.UART_DrainTX), (10 bytes).
    Removing uart.o(i.UART_Enable), (10 bytes).
    Removing uart.o(i.UART_GetFlags), (6 bytes).
    Removing uart.o(i.UART_PrepForSleep), (30 bytes).
    Removing uart.o(i.UART_Read), (212 bytes).
    Removing uart.o(i.UART_ReadByte), (20 bytes).
    Removing uart.o(i.UART_Shutdown), (184 bytes).
    Removing uart.o(i.UART_WriteAsync), (144 bytes).
    Removing uart.o(i.uart_error_check), (10 bytes).
    Removing flc.o(.rev16_text), (4 bytes).
    Removing flc.o(.revsh_text), (4 bytes).
    Removing flc.o(.rrx_text), (6 bytes).
    Removing flc.o(i.FLC_BufferErase), (260 bytes).
    Removing flc.o(i.FLC_Busy), (16 bytes).
    Removing flc.o(i.FLC_ClearFlags), (32 bytes).
    Removing flc.o(i.FLC_DisableInt), (44 bytes).
    Removing flc.o(i.FLC_EnableInt), (44 bytes).
    Removing flc.o(i.FLC_Erase), (52 bytes).
    Removing flc.o(i.FLC_GetFlags), (16 bytes).
    Removing flc.o(i.FLC_Init), (14 bytes).
    Removing flc.o(i.FLC_MassErase), (100 bytes).
    Removing flc.o(i.FLC_PageErase), (112 bytes).
    Removing flc.o(i.FLC_Write), (388 bytes).
    Removing flc.o(i.FLC_Write128), (132 bytes).
    Removing flc.o(i.FLC_Write32), (128 bytes).
    Removing flc.o(i.prepare_flc), (84 bytes).
    Removing icc.o(.rev16_text), (4 bytes).
    Removing icc.o(.revsh_text), (4 bytes).
    Removing icc.o(.rrx_text), (6 bytes).
    Removing icc.o(i.ICC_Disable), (24 bytes).
    Removing icc.o(i.ICC_Enable), (48 bytes).
    Removing icc.o(i.ICC_Flush), (12 bytes).
    Removing icc.o(i.ICC_ID), (56 bytes).
    Removing icc.o(i.ICC_Ready), (16 bytes).
    Removing lp.o(.rev16_text), (4 bytes).
    Removing lp.o(.revsh_text), (4 bytes).
    Removing lp.o(.rrx_text), (6 bytes).
    Removing lp.o(i.LP_ClearWakeStatus), (28 bytes).
    Removing lp.o(i.LP_DisableBandGap), (20 bytes).
    Removing lp.o(i.LP_DisableBlockDetect), (20 bytes).
    Removing lp.o(i.LP_DisableFastWk), (20 bytes).
    Removing lp.o(i.LP_DisableGPIOWakeup), (48 bytes).
    Removing lp.o(i.LP_DisableICacheLightSleep), (18 bytes).
    Removing lp.o(i.LP_DisableLDO), (20 bytes).
    Removing lp.o(i.LP_DisableRTCAlarmWakeup), (18 bytes).
    Removing lp.o(i.LP_DisableRamRetReg), (20 bytes).
    Removing lp.o(i.LP_DisableSRAM0), (20 bytes).
    Removing lp.o(i.LP_DisableSRAM1), (20 bytes).
    Removing lp.o(i.LP_DisableSRAM2), (20 bytes).
    Removing lp.o(i.LP_DisableSRAM3), (20 bytes).
    Removing lp.o(i.LP_DisableSRamRet0), (20 bytes).
    Removing lp.o(i.LP_DisableSRamRet1), (20 bytes).
    Removing lp.o(i.LP_DisableSRamRet2), (20 bytes).
    Removing lp.o(i.LP_DisableSRamRet3), (20 bytes).
    Removing lp.o(i.LP_DisableSysRAM0LightSleep), (18 bytes).
    Removing lp.o(i.LP_DisableSysRAM1LightSleep), (18 bytes).
    Removing lp.o(i.LP_DisableSysRAM2LightSleep), (18 bytes).
    Removing lp.o(i.LP_DisableSysRAM3LightSleep), (18 bytes).
    Removing lp.o(i.LP_DisableVCorePORSignal), (20 bytes).
    Removing lp.o(i.LP_DisableVCoreSVM), (20 bytes).
    Removing lp.o(i.LP_DisableVDDIOPorMonitor), (20 bytes).
    Removing lp.o(i.LP_EnableBandGap), (20 bytes).
    Removing lp.o(i.LP_EnableBlockDetect), (20 bytes).
    Removing lp.o(i.LP_EnableFastWk), (20 bytes).
    Removing lp.o(i.LP_EnableGPIOWakeup), (44 bytes).
    Removing lp.o(i.LP_EnableICacheLightSleep), (18 bytes).
    Removing lp.o(i.LP_EnableLDO), (20 bytes).
    Removing lp.o(i.LP_EnableRTCAlarmWakeup), (18 bytes).
    Removing lp.o(i.LP_EnableRamRetReg), (20 bytes).
    Removing lp.o(i.LP_EnableSRAM0), (20 bytes).
    Removing lp.o(i.LP_EnableSRAM1), (20 bytes).
    Removing lp.o(i.LP_EnableSRAM2), (20 bytes).
    Removing lp.o(i.LP_EnableSRAM3), (20 bytes).
    Removing lp.o(i.LP_EnableSRamRet0), (20 bytes).
    Removing lp.o(i.LP_EnableSRamRet1), (20 bytes).
    Removing lp.o(i.LP_EnableSRamRet2), (20 bytes).
    Removing lp.o(i.LP_EnableSRamRet3), (20 bytes).
    Removing lp.o(i.LP_EnableSysRAM0LightSleep), (18 bytes).
    Removing lp.o(i.LP_EnableSysRAM1LightSleep), (18 bytes).
    Removing lp.o(i.LP_EnableSysRAM2LightSleep), (18 bytes).
    Removing lp.o(i.LP_EnableSysRAM3LightSleep), (18 bytes).
    Removing lp.o(i.LP_EnableVCorePORSignal), (20 bytes).
    Removing lp.o(i.LP_EnableVCoreSVM), (20 bytes).
    Removing lp.o(i.LP_EnableVDDIOPorMonitoF), (20 bytes).
    Removing lp.o(i.LP_EnterBackupMode), (30 bytes).
    Removing lp.o(i.LP_EnterDeepSleepMode), (32 bytes).
    Removing lp.o(i.LP_EnterShutdownMode), (30 bytes).
    Removing lp.o(i.LP_EnterSleepMode), (20 bytes).
    Removing lp.o(i.LP_SetOperatingVoltage), (240 bytes).
    Removing mxc_assert.o(.rev16_text), (4 bytes).
    Removing mxc_assert.o(.revsh_text), (4 bytes).
    Removing mxc_assert.o(.rrx_text), (6 bytes).
    Removing mxc_assert.o(i.mxc_assert), (4 bytes).
    Removing mxc_delay.o(.rev16_text), (4 bytes).
    Removing mxc_delay.o(.revsh_text), (4 bytes).
    Removing mxc_delay.o(.rrx_text), (6 bytes).
    Removing mxc_lock.o(.rev16_text), (4 bytes).
    Removing mxc_lock.o(.revsh_text), (4 bytes).
    Removing mxc_lock.o(.rrx_text), (6 bytes).
    Removing mxc_pins.o(.rev16_text), (4 bytes).
    Removing mxc_pins.o(.revsh_text), (4 bytes).
    Removing mxc_pins.o(.rrx_text), (6 bytes).
    Removing mxc_sys.o(.rev16_text), (4 bytes).
    Removing mxc_sys.o(.revsh_text), (4 bytes).
    Removing mxc_sys.o(.rrx_text), (6 bytes).
    Removing mxc_sys.o(i.SYS_ClockDisable_X32K), (20 bytes).
    Removing mxc_sys.o(i.SYS_ClockEnable_X32K), (22 bytes).
    Removing mxc_sys.o(i.SYS_DMA_Init), (12 bytes).
    Removing mxc_sys.o(i.SYS_DMA_Shutdown), (12 bytes).
    Removing mxc_sys.o(i.SYS_FLC_Init), (6 bytes).
    Removing mxc_sys.o(i.SYS_FLC_Shutdown), (4 bytes).
    Removing mxc_sys.o(i.SYS_Flash_Operation), (56 bytes).
    Removing mxc_sys.o(i.SYS_I2S_GetFreq), (16 bytes).
    Removing mxc_sys.o(i.SYS_I2S_Init), (56 bytes).
    Removing mxc_sys.o(i.SYS_I2S_Shutdown), (12 bytes).
    Removing mxc_sys.o(i.SYS_RTC_SqwavInit), (20 bytes).
    Removing mxc_sys.o(i.SYS_Reset0), (20 bytes).
    Removing mxc_sys.o(i.SYS_Reset1), (20 bytes).
    Removing mxc_sys.o(i.SYS_SPI17Y_Init), (76 bytes).
    Removing mxc_sys.o(i.SYS_SPI17Y_Shutdown), (24 bytes).
    Removing mxc_sys.o(i.SYS_SPIMSS_Init), (72 bytes).
    Removing mxc_sys.o(i.SYS_SPIMSS_Shutdown), (24 bytes).
    Removing mxc_sys.o(i.SYS_SysTick_Config), (148 bytes).
    Removing mxc_sys.o(i.SYS_SysTick_Delay), (248 bytes).
    Removing mxc_sys.o(i.SYS_SysTick_DelayUs), (40 bytes).
    Removing mxc_sys.o(i.SYS_SysTick_Disable), (10 bytes).
    Removing mxc_sys.o(i.SYS_SysTick_GetFreq), (40 bytes).
    Removing mxc_sys.o(i.SYS_TMR_GetFreq), (16 bytes).
    Removing mxc_sys.o(i.SYS_TMR_Init), (92 bytes).
    Removing mxc_sys.o(i.SYS_TMR_Shutdown), (6 bytes).
    Removing mxc_sys.o(i.SYS_UART_Shutdown), (44 bytes).
    Removing mxc_sys.o(i.SYS_WDT_Init), (6 bytes).
    Removing mxc_sys.o(i.__NVIC_SetPriority), (40 bytes).
    Removing nvic_table.o(.rev16_text), (4 bytes).
    Removing nvic_table.o(.revsh_text), (4 bytes).
    Removing nvic_table.o(.rrx_text), (6 bytes).
    Removing nvic_table.o(i.NVIC_GetVector), (20 bytes).
    Removing nvic_table.o(i.NVIC_SetRAM), (36 bytes).
    Removing nvic_table.o(i.NVIC_SetVector), (68 bytes).
    Removing nvic_table.o(.bss), (284 bytes).
    Removing startup_max32660.o(HEAP), (3072 bytes).
    Removing system_max32660.o(.rev16_text), (4 bytes).
    Removing system_max32660.o(.revsh_text), (4 bytes).
    Removing system_max32660.o(.rrx_text), (6 bytes).
    Removing system_max32660.o(i.Board_Init), (4 bytes).
    Removing gpio.o(.rev16_text), (4 bytes).
    Removing gpio.o(.revsh_text), (4 bytes).
    Removing gpio.o(.rrx_text), (6 bytes).
    Removing gpio.o(i.GPIO_Init), (48 bytes).
    Removing gpio.o(i.GPIO_IntClr), (24 bytes).
    Removing gpio.o(i.GPIO_IntDisable), (24 bytes).
    Removing gpio.o(i.GPIO_IntStatus), (28 bytes).
    Removing gpio.o(i.GPIO_OutGet), (28 bytes).
    Removing gpio.o(i.GPIO_OutPut), (32 bytes).
    Removing gpio.o(i.GPIO_OutToggle), (28 bytes).
    Removing rtc.o(.rev16_text), (4 bytes).
    Removing rtc.o(.revsh_text), (4 bytes).
    Removing rtc.o(.rrx_text), (6 bytes).
    Removing rtc.o(i.RTC_CheckBusy), (48 bytes).
    Removing rtc.o(i.RTC_ClearFlags), (40 bytes).
    Removing rtc.o(i.RTC_DisableRTCE), (68 bytes).
    Removing rtc.o(i.RTC_DisableSubsecondInterrupt), (40 bytes).
    Removing rtc.o(i.RTC_DisableTimeofdayInterrupt), (40 bytes).
    Removing rtc.o(i.RTC_EnableRTCE), (68 bytes).
    Removing rtc.o(i.RTC_EnableSubsecondInterrupt), (28 bytes).
    Removing rtc.o(i.RTC_EnableTimeofdayInterrupt), (28 bytes).
    Removing rtc.o(i.RTC_GetFlags), (16 bytes).
    Removing rtc.o(i.RTC_GetSecond), (12 bytes).
    Removing rtc.o(i.RTC_GetSubSecond), (12 bytes).
    Removing rtc.o(i.RTC_GetTime), (88 bytes).
    Removing rtc.o(i.RTC_Init), (126 bytes).
    Removing rtc.o(i.RTC_SetSubsecondAlarm), (56 bytes).
    Removing rtc.o(i.RTC_SetTimeofdayAlarm), (60 bytes).
    Removing rtc.o(i.RTC_SquareWave), (218 bytes).
    Removing rtc.o(i.RTC_Trim), (70 bytes).
    Removing tmr.o(.rev16_text), (4 bytes).
    Removing tmr.o(.revsh_text), (4 bytes).
    Removing tmr.o(.rrx_text), (6 bytes).
    Removing tmr.o(i.TMR_Config), (38 bytes).
    Removing tmr.o(i.TMR_Disable), (10 bytes).
    Removing tmr.o(i.TMR_Enable), (10 bytes).
    Removing tmr.o(i.TMR_GetCapture), (6 bytes).
    Removing tmr.o(i.TMR_GetCompare), (6 bytes).
    Removing tmr.o(i.TMR_GetCount), (6 bytes).
    Removing tmr.o(i.TMR_GetTicks), (196 bytes).
    Removing tmr.o(i.TMR_GetTime), (380 bytes).
    Removing tmr.o(i.TMR_Init), (28 bytes).
    Removing tmr.o(i.TMR_IntClear), (6 bytes).
    Removing tmr.o(i.TMR_IntStatus), (6 bytes).
    Removing tmr.o(i.TMR_PWMConfig), (54 bytes).
    Removing tmr.o(i.TMR_PWMSetDuty), (50 bytes).
    Removing tmr.o(i.TMR_PWMSetPeriod), (28 bytes).
    Removing tmr.o(i.TMR_SetCompare), (4 bytes).
    Removing tmr.o(i.TMR_SetCount), (4 bytes).
    Removing tmr.o(i.TMR_Shutdown), (16 bytes).
    Removing tmr_utils.o(.rev16_text), (4 bytes).
    Removing tmr_utils.o(.revsh_text), (4 bytes).
    Removing tmr_utils.o(.rrx_text), (6 bytes).
    Removing tmr_utils.o(i.TMR_Delay), (40 bytes).
    Removing tmr_utils.o(i.TMR_SW_Start), (20 bytes).
    Removing tmr_utils.o(i.TMR_SW_Stop), (22 bytes).
    Removing tmr_utils.o(i.TMR_TO_Check), (22 bytes).
    Removing tmr_utils.o(i.TMR_TO_Clear), (20 bytes).
    Removing tmr_utils.o(i.TMR_TO_Elapsed), (84 bytes).
    Removing tmr_utils.o(i.TMR_TO_Remaining), (92 bytes).
    Removing tmr_utils.o(i.TMR_TO_Start), (132 bytes).
    Removing tmr_utils.o(i.TMR_TO_Stop), (20 bytes).
    Removing dadd.o(.text), (334 bytes).
    Removing dmul.o(.text), (228 bytes).
    Removing ddiv.o(.text), (222 bytes).
    Removing dfixul.o(.text), (48 bytes).
    Removing cdrcmple.o(.text), (48 bytes).
    Removing depilogue.o(.text), (186 bytes).

294 unused section(s) (total 17128 bytes) removed from the image.

==============================================================================

Image Symbol Table

    Local Symbols

    Symbol Name                              Value     Ov Type        Size  Object(Section)

    RESET                                    0x00000000   Section      284  startup_max32660.o(RESET)
    ../clib/microlib/division.c              0x00000000   Number         0  uidiv.o ABSOLUTE
    ../clib/microlib/division.c              0x00000000   Number         0  uldiv.o ABSOLUTE
    ../clib/microlib/init/entry.s            0x00000000   Number         0  entry2.o ABSOLUTE
    ../clib/microlib/init/entry.s            0x00000000   Number         0  entry7a.o ABSOLUTE
    ../clib/microlib/init/entry.s            0x00000000   Number         0  entry7b.o ABSOLUTE
    ../clib/microlib/init/entry.s            0x00000000   Number         0  entry8a.o ABSOLUTE
    ../clib/microlib/init/entry.s            0x00000000   Number         0  entry11b.o ABSOLUTE
    ../clib/microlib/init/entry.s            0x00000000   Number         0  entry11a.o ABSOLUTE
    ../clib/microlib/init/entry.s            0x00000000   Number         0  entry10b.o ABSOLUTE
    ../clib/microlib/init/entry.s            0x00000000   Number         0  entry9a.o ABSOLUTE
    ../clib/microlib/init/entry.s            0x00000000   Number         0  entry9b.o ABSOLUTE
    ../clib/microlib/init/entry.s            0x00000000   Number         0  entry10a.o ABSOLUTE
    ../clib/microlib/init/entry.s            0x00000000   Number         0  entry.o ABSOLUTE
    ../clib/microlib/init/entry.s            0x00000000   Number         0  entry8b.o ABSOLUTE
    ../clib/microlib/init/entry.s            0x00000000   Number         0  entry5.o ABSOLUTE
    ../clib/microlib/longlong.c              0x00000000   Number         0  llushr.o ABSOLUTE
    ../clib/microlib/longlong.c              0x00000000   Number         0  llshl.o ABSOLUTE
    ../clib/microlib/longlong.c              0x00000000   Number         0  llsshr.o ABSOLUTE
    ../clib/microlib/printf/printf.c         0x00000000   Number         0  printf5.o ABSOLUTE
    ../clib/microlib/printf/printf.c         0x00000000   Number         0  printf6.o ABSOLUTE
    ../clib/microlib/printf/printf.c         0x00000000   Number         0  printf7.o ABSOLUTE
    ../clib/microlib/printf/printf.c         0x00000000   Number         0  printf8.o ABSOLUTE
    ../clib/microlib/printf/printf.c         0x00000000   Number         0  printfa.o ABSOLUTE
    ../clib/microlib/printf/printf.c         0x00000000   Number         0  printf4.o ABSOLUTE
    ../clib/microlib/printf/printf.c         0x00000000   Number         0  printfb.o ABSOLUTE
    ../clib/microlib/printf/printf.c         0x00000000   Number         0  printf0.o ABSOLUTE
    ../clib/microlib/printf/printf.c         0x00000000   Number         0  printf1.o ABSOLUTE
    ../clib/microlib/printf/printf.c         0x00000000   Number         0  printf2.o ABSOLUTE
    ../clib/microlib/printf/printf.c         0x00000000   Number         0  printf3.o ABSOLUTE
    ../clib/microlib/printf/stubs.s          0x00000000   Number         0  stubs.o ABSOLUTE
    ../clib/microlib/string/memcpy.c         0x00000000   Number         0  memcpya.o ABSOLUTE
    ../clib/microlib/string/memcpy.c         0x00000000   Number         0  memcpyb.o ABSOLUTE
    ../clib/microlib/stubs.s                 0x00000000   Number         0  iusefp.o ABSOLUTE
    ../clib/microlib/stubs.s                 0x00000000   Number         0  useno.o ABSOLUTE
    ../fplib/microlib/fpadd.c                0x00000000   Number         0  dadd.o ABSOLUTE
    ../fplib/microlib/fpdiv.c                0x00000000   Number         0  ddiv.o ABSOLUTE
    ../fplib/microlib/fpepilogue.c           0x00000000   Number         0  depilogue.o ABSOLUTE
    ../fplib/microlib/fpfix.c                0x00000000   Number         0  dfixul.o ABSOLUTE
    ../fplib/microlib/fpmul.c                0x00000000   Number         0  dmul.o ABSOLUTE
    C:\Keil_v5\ARM\PACK\Maxim\MAX32660\1.1.2\Boards\Maxim\MAX32660_EVKIT\Common\EvKit_V1\Source\board.c 0x00000000   Number         0  board.o ABSOLUTE
    C:\Keil_v5\ARM\PACK\Maxim\MAX32660\1.1.2\Boards\Maxim\MAX32660_EVKIT\Common\Source\led.c 0x00000000   Number         0  led.o ABSOLUTE
    C:\Keil_v5\ARM\PACK\Maxim\MAX32660\1.1.2\Boards\Maxim\MAX32660_EVKIT\Common\Source\pb.c 0x00000000   Number         0  pb.o ABSOLUTE
    C:\Keil_v5\ARM\PACK\Maxim\MAX32660\1.1.2\Boards\Maxim\MAX32660_EVKIT\Common\Source\stdio.c 0x00000000   Number         0  stdio.o ABSOLUTE
    C:\Keil_v5\ARM\PACK\Maxim\MAX32660\1.1.2\Libraries\MAX32660PeriphDriver\Source\flc.c 0x00000000   Number         0  flc.o ABSOLUTE
    C:\Keil_v5\ARM\PACK\Maxim\MAX32660\1.1.2\Libraries\MAX32660PeriphDriver\Source\gpio.c 0x00000000   Number         0  gpio.o ABSOLUTE
    C:\Keil_v5\ARM\PACK\Maxim\MAX32660\1.1.2\Libraries\MAX32660PeriphDriver\Source\i2c.c 0x00000000   Number         0  i2c.o ABSOLUTE
    C:\Keil_v5\ARM\PACK\Maxim\MAX32660\1.1.2\Libraries\MAX32660PeriphDriver\Source\icc.c 0x00000000   Number         0  icc.o ABSOLUTE
    C:\Keil_v5\ARM\PACK\Maxim\MAX32660\1.1.2\Libraries\MAX32660PeriphDriver\Source\lp.c 0x00000000   Number         0  lp.o ABSOLUTE
    C:\Keil_v5\ARM\PACK\Maxim\MAX32660\1.1.2\Libraries\MAX32660PeriphDriver\Source\mxc_assert.c 0x00000000   Number         0  mxc_assert.o ABSOLUTE
    C:\Keil_v5\ARM\PACK\Maxim\MAX32660\1.1.2\Libraries\MAX32660PeriphDriver\Source\mxc_delay.c 0x00000000   Number         0  mxc_delay.o ABSOLUTE
    C:\Keil_v5\ARM\PACK\Maxim\MAX32660\1.1.2\Libraries\MAX32660PeriphDriver\Source\mxc_lock.c 0x00000000   Number         0  mxc_lock.o ABSOLUTE
    C:\Keil_v5\ARM\PACK\Maxim\MAX32660\1.1.2\Libraries\MAX32660PeriphDriver\Source\mxc_pins.c 0x00000000   Number         0  mxc_pins.o ABSOLUTE
    C:\Keil_v5\ARM\PACK\Maxim\MAX32660\1.1.2\Libraries\MAX32660PeriphDriver\Source\mxc_sys.c 0x00000000   Number         0  mxc_sys.o ABSOLUTE
    C:\Keil_v5\ARM\PACK\Maxim\MAX32660\1.1.2\Libraries\MAX32660PeriphDriver\Source\nvic_table.c 0x00000000   Number         0  nvic_table.o ABSOLUTE
    C:\Keil_v5\ARM\PACK\Maxim\MAX32660\1.1.2\Libraries\MAX32660PeriphDriver\Source\rtc.c 0x00000000   Number         0  rtc.o ABSOLUTE
    C:\Keil_v5\ARM\PACK\Maxim\MAX32660\1.1.2\Libraries\MAX32660PeriphDriver\Source\tmr.c 0x00000000   Number         0  tmr.o ABSOLUTE
    C:\Keil_v5\ARM\PACK\Maxim\MAX32660\1.1.2\Libraries\MAX32660PeriphDriver\Source\tmr_utils.c 0x00000000   Number         0  tmr_utils.o ABSOLUTE
    C:\Keil_v5\ARM\PACK\Maxim\MAX32660\1.1.2\Libraries\MAX32660PeriphDriver\Source\uart.c 0x00000000   Number         0  uart.o ABSOLUTE
    C:\\Keil_v5\\ARM\\PACK\\Maxim\\MAX32660\\1.1.2\\Boards\\Maxim\\MAX32660_EVKIT\\Common\\EvKit_V1\\Source\\board.c 0x00000000   Number         0  board.o ABSOLUTE
    C:\\Keil_v5\\ARM\\PACK\\Maxim\\MAX32660\\1.1.2\\Boards\\Maxim\\MAX32660_EVKIT\\Common\\Source\\led.c 0x00000000   Number         0  led.o ABSOLUTE
    C:\\Keil_v5\\ARM\\PACK\\Maxim\\MAX32660\\1.1.2\\Boards\\Maxim\\MAX32660_EVKIT\\Common\\Source\\pb.c 0x00000000   Number         0  pb.o ABSOLUTE
    C:\\Keil_v5\\ARM\\PACK\\Maxim\\MAX32660\\1.1.2\\Boards\\Maxim\\MAX32660_EVKIT\\Common\\Source\\stdio.c 0x00000000   Number         0  stdio.o ABSOLUTE
    C:\\Keil_v5\\ARM\\PACK\\Maxim\\MAX32660\\1.1.2\\Libraries\\MAX32660PeriphDriver\\Source\\flc.c 0x00000000   Number         0  flc.o ABSOLUTE
    C:\\Keil_v5\\ARM\\PACK\\Maxim\\MAX32660\\1.1.2\\Libraries\\MAX32660PeriphDriver\\Source\\gpio.c 0x00000000   Number         0  gpio.o ABSOLUTE
    C:\\Keil_v5\\ARM\\PACK\\Maxim\\MAX32660\\1.1.2\\Libraries\\MAX32660PeriphDriver\\Source\\i2c.c 0x00000000   Number         0  i2c.o ABSOLUTE
    C:\\Keil_v5\\ARM\\PACK\\Maxim\\MAX32660\\1.1.2\\Libraries\\MAX32660PeriphDriver\\Source\\icc.c 0x00000000   Number         0  icc.o ABSOLUTE
    C:\\Keil_v5\\ARM\\PACK\\Maxim\\MAX32660\\1.1.2\\Libraries\\MAX32660PeriphDriver\\Source\\lp.c 0x00000000   Number         0  lp.o ABSOLUTE
    C:\\Keil_v5\\ARM\\PACK\\Maxim\\MAX32660\\1.1.2\\Libraries\\MAX32660PeriphDriver\\Source\\mxc_assert.c 0x00000000   Number         0  mxc_assert.o ABSOLUTE
    C:\\Keil_v5\\ARM\\PACK\\Maxim\\MAX32660\\1.1.2\\Libraries\\MAX32660PeriphDriver\\Source\\mxc_delay.c 0x00000000   Number         0  mxc_delay.o ABSOLUTE
    C:\\Keil_v5\\ARM\\PACK\\Maxim\\MAX32660\\1.1.2\\Libraries\\MAX32660PeriphDriver\\Source\\mxc_lock.c 0x00000000   Number         0  mxc_lock.o ABSOLUTE
    C:\\Keil_v5\\ARM\\PACK\\Maxim\\MAX32660\\1.1.2\\Libraries\\MAX32660PeriphDriver\\Source\\mxc_pins.c 0x00000000   Number         0  mxc_pins.o ABSOLUTE
    C:\\Keil_v5\\ARM\\PACK\\Maxim\\MAX32660\\1.1.2\\Libraries\\MAX32660PeriphDriver\\Source\\mxc_sys.c 0x00000000   Number         0  mxc_sys.o ABSOLUTE
    C:\\Keil_v5\\ARM\\PACK\\Maxim\\MAX32660\\1.1.2\\Libraries\\MAX32660PeriphDriver\\Source\\nvic_table.c 0x00000000   Number         0  nvic_table.o ABSOLUTE
    C:\\Keil_v5\\ARM\\PACK\\Maxim\\MAX32660\\1.1.2\\Libraries\\MAX32660PeriphDriver\\Source\\rtc.c 0x00000000   Number         0  rtc.o ABSOLUTE
    C:\\Keil_v5\\ARM\\PACK\\Maxim\\MAX32660\\1.1.2\\Libraries\\MAX32660PeriphDriver\\Source\\tmr.c 0x00000000   Number         0  tmr.o ABSOLUTE
    C:\\Keil_v5\\ARM\\PACK\\Maxim\\MAX32660\\1.1.2\\Libraries\\MAX32660PeriphDriver\\Source\\tmr_utils.c 0x00000000   Number         0  tmr_utils.o ABSOLUTE
    C:\\Keil_v5\\ARM\\PACK\\Maxim\\MAX32660\\1.1.2\\Libraries\\MAX32660PeriphDriver\\Source\\uart.c 0x00000000   Number         0  uart.o ABSOLUTE
    RTE\Device\MAX32660\startup_max32660.s   0x00000000   Number         0  startup_max32660.o ABSOLUTE
    RTE\Device\MAX32660\system_max32660.c    0x00000000   Number         0  system_max32660.o ABSOLUTE
    RTE\\Device\\MAX32660\\system_max32660.c 0x00000000   Number         0  system_max32660.o ABSOLUTE
    Source\\main.c                           0x00000000   Number         0  main.o ABSOLUTE
    Source\\max14746.c                       0x00000000   Number         0  max14746.o ABSOLUTE
    Source\\max14748.c                       0x00000000   Number         0  max14748.o ABSOLUTE
    Source\\max1726x.c                       0x00000000   Number         0  max1726x.o ABSOLUTE
    Source\\my_board.c                       0x00000000   Number         0  my_board.o ABSOLUTE
    Source\\protocol.c                       0x00000000   Number         0  protocol.o ABSOLUTE
    Source\main.c                            0x00000000   Number         0  main.o ABSOLUTE
    Source\max14746.c                        0x00000000   Number         0  max14746.o ABSOLUTE
    Source\max14748.c                        0x00000000   Number         0  max14748.o ABSOLUTE
    Source\max1726x.c                        0x00000000   Number         0  max1726x.o ABSOLUTE
    Source\my_board.c                        0x00000000   Number         0  my_board.o ABSOLUTE
    Source\protocol.c                        0x00000000   Number         0  protocol.o ABSOLUTE
    cdrcmple.s                               0x00000000   Number         0  cdrcmple.o ABSOLUTE
    dc.s                                     0x00000000   Number         0  dc.o ABSOLUTE
    handlers.s                               0x00000000   Number         0  handlers.o ABSOLUTE
    init.s                                   0x00000000   Number         0  init.o ABSOLUTE
    .ARM.Collect$$$$00000000                 0x0000011c   Section        0  entry.o(.ARM.Collect$$$$00000000)
    .ARM.Collect$$$$00000001                 0x0000011c   Section        4  entry2.o(.ARM.Collect$$$$00000001)
    .ARM.Collect$$$$00000004                 0x00000120   Section        4  entry5.o(.ARM.Collect$$$$00000004)
    .ARM.Collect$$$$00000008                 0x00000124   Section        0  entry7b.o(.ARM.Collect$$$$00000008)
    .ARM.Collect$$$$0000000A                 0x00000124   Section        0  entry8b.o(.ARM.Collect$$$$0000000A)
    .ARM.Collect$$$$0000000B                 0x00000124   Section        8  entry9a.o(.ARM.Collect$$$$0000000B)
    .ARM.Collect$$$$0000000D                 0x0000012c   Section        0  entry10a.o(.ARM.Collect$$$$0000000D)
    .ARM.Collect$$$$0000000F                 0x0000012c   Section        0  entry11a.o(.ARM.Collect$$$$0000000F)
    .ARM.Collect$$$$00002712                 0x0000012c   Section        4  entry2.o(.ARM.Collect$$$$00002712)
    __lit__00000000                          0x0000012c   Data           4  entry2.o(.ARM.Collect$$$$00002712)
    .text                                    0x00000130   Section       40  startup_max32660.o(.text)
    $v0                                      0x00000130   Number         0  startup_max32660.o(.text)
    .text                                    0x00000158   Section        0  uldiv.o(.text)
    .text                                    0x000001bc   Section       36  init.o(.text)
    .text                                    0x000001e0   Section        0  llshl.o(.text)
    .text                                    0x000001fe   Section        0  llushr.o(.text)
    i.$Sub$$__main_after_scatterload         0x0000021e   Section        0  system_max32660.o(i.$Sub$$__main_after_scatterload)
    i.Board_Init                             0x0000022c   Section        0  board.o(i.Board_Init)
    i.CommandOperation                       0x00000290   Section        0  protocol.o(i.CommandOperation)
    i.Console_Init                           0x00000408   Section        0  board.o(i.Console_Init)
    i.GPIO0_IRQHandler                       0x00000430   Section        0  pb.o(i.GPIO0_IRQHandler)
    i.GPIO_Config                            0x0000043c   Section        0  gpio.o(i.GPIO_Config)
    i.GPIO_Handler                           0x00000534   Section        0  gpio.o(i.GPIO_Handler)
    i.GPIO_InGet                             0x00000598   Section        0  gpio.o(i.GPIO_InGet)
    i.GPIO_IntConfig                         0x000005b4   Section        0  gpio.o(i.GPIO_IntConfig)
    i.GPIO_IntEnable                         0x00000634   Section        0  gpio.o(i.GPIO_IntEnable)
    i.GPIO_OutClr                            0x0000064c   Section        0  gpio.o(i.GPIO_OutClr)
    i.GPIO_OutSet                            0x00000664   Section        0  gpio.o(i.GPIO_OutSet)
    i.GPIO_RegisterCallback                  0x0000067c   Section        0  gpio.o(i.GPIO_RegisterCallback)
    i.I2C_FreeCallback                       0x000006c0   Section        0  i2c.o(i.I2C_FreeCallback)
    I2C_FreeCallback                         0x000006c1   Thumb Code    36  i2c.o(i.I2C_FreeCallback)
    i.I2C_Init                               0x000006e8   Section        0  i2c.o(i.I2C_Init)
    i.I2C_MasterRead                         0x00000868   Section        0  i2c.o(i.I2C_MasterRead)
    i.I2C_MasterWrite                        0x00000948   Section        0  i2c.o(i.I2C_MasterWrite)
    i.I2C_Recover                            0x00000a16   Section        0  i2c.o(i.I2C_Recover)
    I2C_Recover                              0x00000a17   Thumb Code    24  i2c.o(i.I2C_Recover)
    i.I2C_Setspeed                           0x00000a30   Section        0  i2c.o(i.I2C_Setspeed)
    I2C_Setspeed                             0x00000a31   Thumb Code   184  i2c.o(i.I2C_Setspeed)
    i.I2C_Shutdown                           0x00000af0   Section        0  i2c.o(i.I2C_Shutdown)
    i.LED_Init                               0x00000b68   Section        0  led.o(i.LED_Init)
    i.LED_Off                                0x00000ba0   Section        0  led.o(i.LED_Off)
    i.My_Board_Init                          0x00000bb8   Section        0  my_board.o(i.My_Board_Init)
    i.NMI_Handler                            0x00000ce8   Section        0  board.o(i.NMI_Handler)
    i.PB_Init                                0x00000cec   Section        0  pb.o(i.PB_Init)
    i.PreInit                                0x00000d20   Section        0  system_max32660.o(i.PreInit)
    i.SYS_ClockDisable                       0x00000d24   Section        0  mxc_sys.o(i.SYS_ClockDisable)
    i.SYS_ClockEnable                        0x00000d4e   Section        0  mxc_sys.o(i.SYS_ClockEnable)
    i.SYS_Clock_Select                       0x00000d78   Section        0  mxc_sys.o(i.SYS_Clock_Select)
    i.SYS_Clock_Timeout                      0x00000fac   Section        0  mxc_sys.o(i.SYS_Clock_Timeout)
    SYS_Clock_Timeout                        0x00000fad   Thumb Code    40  mxc_sys.o(i.SYS_Clock_Timeout)
    i.SYS_I2C_GetFreq                        0x00000fd4   Section        0  mxc_sys.o(i.SYS_I2C_GetFreq)
    i.SYS_I2C_Init                           0x00000fe4   Section        0  mxc_sys.o(i.SYS_I2C_Init)
    i.SYS_I2C_Shutdown                       0x00001030   Section        0  mxc_sys.o(i.SYS_I2C_Shutdown)
    i.SYS_UART_Init                          0x000010a4   Section        0  mxc_sys.o(i.SYS_UART_Init)
    i.SysTick_Handler                        0x00001140   Section        0  mxc_delay.o(i.SysTick_Handler)
    i.SystemCoreClockUpdate                  0x00001148   Section        0  system_max32660.o(i.SystemCoreClockUpdate)
    i.SystemInit                             0x000011ac   Section        0  system_max32660.o(i.SystemInit)
    i.UART1_IRQHandler                       0x00001258   Section        0  my_board.o(i.UART1_IRQHandler)
    i.UART_ClearFlags                        0x00001268   Section        0  uart.o(i.UART_ClearFlags)
    i.UART_Handler                           0x0000126c   Section        0  uart.o(i.UART_Handler)
    i.UART_Init                              0x000012d4   Section        0  uart.o(i.UART_Init)
    i.UART_NumReadAvail                      0x000013b0   Section        0  uart.o(i.UART_NumReadAvail)
    i.UART_NumWriteAvail                     0x000013ba   Section        0  uart.o(i.UART_NumWriteAvail)
    i.UART_ReadAsync                         0x000013c8   Section        0  uart.o(i.UART_ReadAsync)
    i.UART_ReadHandler                       0x0000146c   Section        0  uart.o(i.UART_ReadHandler)
    UART_ReadHandler                         0x0000146d   Thumb Code   202  uart.o(i.UART_ReadHandler)
    i.UART_Write                             0x0000153c   Section        0  uart.o(i.UART_Write)
    i.UART_WriteByte                         0x000015d0   Section        0  uart.o(i.UART_WriteByte)
    i.UART_WriteHandler                      0x000015e0   Section        0  uart.o(i.UART_WriteHandler)
    UART_WriteHandler                        0x000015e1   Thumb Code   130  uart.o(i.UART_WriteHandler)
    i.__NVIC_EnableIRQ                       0x00001668   Section        0  my_board.o(i.__NVIC_EnableIRQ)
    __NVIC_EnableIRQ                         0x00001669   Thumb Code    26  my_board.o(i.__NVIC_EnableIRQ)
    i.__scatterload_copy                     0x00001682   Section       14  handlers.o(i.__scatterload_copy)
    i.__scatterload_null                     0x00001690   Section        2  handlers.o(i.__scatterload_null)
    i.__scatterload_zeroinit                 0x00001692   Section       14  handlers.o(i.__scatterload_zeroinit)
    i.delay                                  0x000016a0   Section        0  my_board.o(i.delay)
    i.main                                   0x000016ac   Section        0  main.o(i.main)
    i.max14748_cdir_get                      0x000016fc   Section        0  my_board.o(i.max14748_cdir_get)
    i.max14748_fltin_clr                     0x00001714   Section        0  my_board.o(i.max14748_fltin_clr)
    i.max14748_fltin_set                     0x00001724   Section        0  my_board.o(i.max14748_fltin_set)
    i.max14748_fsus_clr                      0x00001734   Section        0  my_board.o(i.max14748_fsus_clr)
    i.max14748_fsus_set                      0x00001744   Section        0  my_board.o(i.max14748_fsus_set)
    i.max14748_int_get                       0x00001754   Section        0  my_board.o(i.max14748_int_get)
    i.max14748_int_isr                       0x0000176c   Section        0  my_board.o(i.max14748_int_isr)
    i.max14748_sysok_get                     0x00001770   Section        0  my_board.o(i.max14748_sysok_get)
    i.max1726x_alert_get                     0x00001788   Section        0  my_board.o(i.max1726x_alert_get)
    i.maxim_max14748_read_reg                0x000017a0   Section        0  max14748.o(i.maxim_max14748_read_reg)
    i.maxim_max14748_write_reg               0x000017c8   Section        0  max14748.o(i.maxim_max14748_write_reg)
    i.maxim_max1726x_check_por               0x000017e8   Section        0  max1726x.o(i.maxim_max1726x_check_por)
    i.maxim_max1726x_clear_por               0x00001808   Section        0  max1726x.o(i.maxim_max1726x_clear_por)
    i.maxim_max1726x_get_serial_number       0x0000182c   Section        0  max1726x.o(i.maxim_max1726x_get_serial_number)
    i.maxim_max1726x_initialize_ez_config    0x00001914   Section        0  max1726x.o(i.maxim_max1726x_initialize_ez_config)
    i.maxim_max1726x_read_reg                0x000019e4   Section        0  max1726x.o(i.maxim_max1726x_read_reg)
    i.maxim_max1726x_wait_dnr                0x00001a1c   Section        0  max1726x.o(i.maxim_max1726x_wait_dnr)
    i.maxim_max1726x_write_and_verify_reg    0x00001a50   Section        0  max1726x.o(i.maxim_max1726x_write_and_verify_reg)
    i.maxim_max1726x_write_reg               0x00001acc   Section        0  max1726x.o(i.maxim_max1726x_write_reg)
    i.maxim_max32660_async_read_via_uart1    0x00001af4   Section        0  my_board.o(i.maxim_max32660_async_read_via_uart1)
    i.maxim_max32660_i2c1_read               0x00001b20   Section        0  my_board.o(i.maxim_max32660_i2c1_read)
    i.maxim_max32660_i2c1_write              0x00001b40   Section        0  my_board.o(i.maxim_max32660_i2c1_write)
    i.maxim_max32660_send_string_via_uart1   0x00001b60   Section        0  my_board.o(i.maxim_max32660_send_string_via_uart1)
    i.mxc_delay                              0x00001b78   Section        0  mxc_delay.o(i.mxc_delay)
    i.mxc_delay_check                        0x00001bd8   Section        0  mxc_delay.o(i.mxc_delay_check)
    i.mxc_delay_handler                      0x00001c10   Section        0  mxc_delay.o(i.mxc_delay_handler)
    i.mxc_delay_init                         0x00001c3c   Section        0  mxc_delay.o(i.mxc_delay_init)
    mxc_delay_init                           0x00001c3d   Thumb Code   144  mxc_delay.o(i.mxc_delay_init)
    i.mxc_delay_start                        0x00001ce0   Section        0  mxc_delay.o(i.mxc_delay_start)
    i.mxc_delay_stop                         0x00001d20   Section        0  mxc_delay.o(i.mxc_delay_stop)
    i.mxc_free_lock                          0x00001d3c   Section        0  mxc_lock.o(i.mxc_free_lock)
    i.mxc_get_lock                           0x00001d52   Section        0  mxc_lock.o(i.mxc_get_lock)
    i.uart1_read_cb                          0x00001d80   Section        0  my_board.o(i.uart1_read_cb)
    i.uart1_write_cb                         0x00001d8c   Section        0  my_board.o(i.uart1_write_cb)
    i.uart_error_clear                       0x00001d98   Section        0  uart.o(i.uart_error_clear)
    uart_error_clear                         0x00001d99   Thumb Code    14  uart.o(i.uart_error_clear)
    .constdata                               0x00001da8   Section       76  my_board.o(.constdata)
    .constdata                               0x00001df4   Section       50  board.o(.constdata)
    .constdata                               0x00001e28   Section      192  mxc_pins.o(.constdata)
    .data                                    0x20000000   Section        8  max1726x.o(.data)
    .data                                    0x20000008   Section       12  my_board.o(.data)
    .data                                    0x20000014   Section        8  protocol.o(.data)
    .data                                    0x2000001c   Section        4  board.o(.data)
    .data                                    0x20000020   Section       16  uart.o(.data)
    rx_states                                0x20000020   Data           8  uart.o(.data)
    tx_states                                0x20000028   Data           8  uart.o(.data)
    .data                                    0x20000030   Section       12  mxc_delay.o(.data)
    overflows                                0x20000030   Data           4  mxc_delay.o(.data)
    endtick                                  0x20000034   Data           4  mxc_delay.o(.data)
    ctrl_save                                0x20000038   Data           4  mxc_delay.o(.data)
    .data                                    0x2000003c   Section        4  system_max32660.o(.data)
    .bss                                     0x20000040   Section      664  max1726x.o(.bss)
    .bss                                     0x200002d8   Section       32  my_board.o(.bss)
    .bss                                     0x200002f8   Section       54  max14748.o(.bss)
    .bss                                     0x20000330   Section       16  i2c.o(.bss)
    states                                   0x20000330   Data          16  i2c.o(.bss)
    .bss                                     0x20000340   Section      112  gpio.o(.bss)
    callback                                 0x20000340   Data          56  gpio.o(.bss)
    cbparam                                  0x20000378   Data          56  gpio.o(.bss)
    STACK                                    0x200003b0   Section     4096  startup_max32660.o(STACK)

    Global Symbols

    Symbol Name                              Value     Ov Type        Size  Object(Section)

    BuildAttributes$$THM_ISAv4$E$P$D$K$B$S$7EM$VFPi3$EXTD16$VFPS$VFMA$PE$A:L22UL41UL21$X:L11$S22US41US21$IEEE1$IW$USESV6$~STKCKD$USESV7$~SHL$OSPACE$ROPI$EBA8$MICROLIB$REQ8$PRES8$EABIv2 0x00000000   Number         0  anon$$obj.o ABSOLUTE
    __ARM_use_no_argv                        0x00000000   Number         0  main.o ABSOLUTE
    __Vectors                                0x00000000   Data           0  startup_max32660.o(RESET)
    __isr_vector                             0x00000000   Data           4  startup_max32660.o(RESET)
    __use_no_errno                           0x00000000   Number         0  useno.o ABSOLUTE
    __use_no_exception_handling              0x00000000   Number         0  useno.o ABSOLUTE
    __use_no_fp                              0x00000000   Number         0  useno.o ABSOLUTE
    __use_no_heap                            0x00000000   Number         0  useno.o ABSOLUTE
    __use_no_heap_region                     0x00000000   Number         0  useno.o ABSOLUTE
    __use_no_semihosting                     0x00000000   Number         0  useno.o ABSOLUTE
    __use_no_semihosting_swi                 0x00000000   Number         0  useno.o ABSOLUTE
    __use_no_signal_handling                 0x00000000   Number         0  useno.o ABSOLUTE
    _printf_a                                0x00000000   Number         0  stubs.o ABSOLUTE
    _printf_c                                0x00000000   Number         0  stubs.o ABSOLUTE
    _printf_charcount                        0x00000000   Number         0  stubs.o ABSOLUTE
    _printf_d                                0x00000000   Number         0  stubs.o ABSOLUTE
    _printf_e                                0x00000000   Number         0  stubs.o ABSOLUTE
    _printf_f                                0x00000000   Number         0  stubs.o ABSOLUTE
    _printf_flags                            0x00000000   Number         0  stubs.o ABSOLUTE
    _printf_fp_dec                           0x00000000   Number         0  stubs.o ABSOLUTE
    _printf_fp_hex                           0x00000000   Number         0  stubs.o ABSOLUTE
    _printf_g                                0x00000000   Number         0  stubs.o ABSOLUTE
    _printf_i                                0x00000000   Number         0  stubs.o ABSOLUTE
    _printf_int_dec                          0x00000000   Number         0  stubs.o ABSOLUTE
    _printf_l                                0x00000000   Number         0  stubs.o ABSOLUTE
    _printf_lc                               0x00000000   Number         0  stubs.o ABSOLUTE
    _printf_ll                               0x00000000   Number         0  stubs.o ABSOLUTE
    _printf_lld                              0x00000000   Number         0  stubs.o ABSOLUTE
    _printf_lli                              0x00000000   Number         0  stubs.o ABSOLUTE
    _printf_llo                              0x00000000   Number         0  stubs.o ABSOLUTE
    _printf_llu                              0x00000000   Number         0  stubs.o ABSOLUTE
    _printf_llx                              0x00000000   Number         0  stubs.o ABSOLUTE
    _printf_longlong_dec                     0x00000000   Number         0  stubs.o ABSOLUTE
    _printf_longlong_hex                     0x00000000   Number         0  stubs.o ABSOLUTE
    _printf_longlong_oct                     0x00000000   Number         0  stubs.o ABSOLUTE
    _printf_ls                               0x00000000   Number         0  stubs.o ABSOLUTE
    _printf_mbtowc                           0x00000000   Number         0  stubs.o ABSOLUTE
    _printf_n                                0x00000000   Number         0  stubs.o ABSOLUTE
    _printf_o                                0x00000000   Number         0  stubs.o ABSOLUTE
    _printf_p                                0x00000000   Number         0  stubs.o ABSOLUTE
    _printf_percent                          0x00000000   Number         0  stubs.o ABSOLUTE
    _printf_pre_padding                      0x00000000   Number         0  stubs.o ABSOLUTE
    _printf_return_value                     0x00000000   Number         0  stubs.o ABSOLUTE
    _printf_s                                0x00000000   Number         0  stubs.o ABSOLUTE
    _printf_sizespec                         0x00000000   Number         0  stubs.o ABSOLUTE
    _printf_str                              0x00000000   Number         0  stubs.o ABSOLUTE
    _printf_truncate_signed                  0x00000000   Number         0  stubs.o ABSOLUTE
    _printf_truncate_unsigned                0x00000000   Number         0  stubs.o ABSOLUTE
    _printf_u                                0x00000000   Number         0  stubs.o ABSOLUTE
    _printf_wc                               0x00000000   Number         0  stubs.o ABSOLUTE
    _printf_wctomb                           0x00000000   Number         0  stubs.o ABSOLUTE
    _printf_widthprec                        0x00000000   Number         0  stubs.o ABSOLUTE
    _printf_x                                0x00000000   Number         0  stubs.o ABSOLUTE
    __cpp_initialize__aeabi_                  - Undefined Weak Reference
    __cxa_finalize                            - Undefined Weak Reference
    __decompress                              - Undefined Weak Reference
    _clock_init                               - Undefined Weak Reference
    _microlib_exit                            - Undefined Weak Reference
    __Vectors_End                            0x0000011c   Data           0  startup_max32660.o(RESET)
    __Vectors_Size                           0x0000011c   Number         0  startup_max32660.o ABSOLUTE
    __main                                   0x0000011d   Thumb Code     0  entry.o(.ARM.Collect$$$$00000000)
    _main_stk                                0x0000011d   Thumb Code     0  entry2.o(.ARM.Collect$$$$00000001)
    _main_scatterload                        0x00000121   Thumb Code     0  entry5.o(.ARM.Collect$$$$00000004)
    $Super$$__main_after_scatterload         0x00000125   Thumb Code     0  entry5.o(.ARM.Collect$$$$00000004)
    _main_clock                              0x00000125   Thumb Code     0  entry7b.o(.ARM.Collect$$$$00000008)
    _main_cpp_init                           0x00000125   Thumb Code     0  entry8b.o(.ARM.Collect$$$$0000000A)
    _main_init                               0x00000125   Thumb Code     0  entry9a.o(.ARM.Collect$$$$0000000B)
    __rt_final_cpp                           0x0000012d   Thumb Code     0  entry10a.o(.ARM.Collect$$$$0000000D)
    __rt_final_exit                          0x0000012d   Thumb Code     0  entry11a.o(.ARM.Collect$$$$0000000F)
    Reset_Handler                            0x00000131   Thumb Code    14  startup_max32660.o(.text)
    HardFault_Handler                        0x00000141   Thumb Code     2  startup_max32660.o(.text)
    MemManage_Handler                        0x00000143   Thumb Code     2  startup_max32660.o(.text)
    BusFault_Handler                         0x00000145   Thumb Code     2  startup_max32660.o(.text)
    UsageFault_Handler                       0x00000147   Thumb Code     2  startup_max32660.o(.text)
    SVC_Handler                              0x00000149   Thumb Code     2  startup_max32660.o(.text)
    DebugMon_Handler                         0x0000014b   Thumb Code     2  startup_max32660.o(.text)
    PendSV_Handler                           0x0000014d   Thumb Code     2  startup_max32660.o(.text)
    DMA0_IRQHandler                          0x0000014f   Thumb Code     0  startup_max32660.o(.text)
    DMA1_IRQHandler                          0x0000014f   Thumb Code     0  startup_max32660.o(.text)
    DMA2_IRQHandler                          0x0000014f   Thumb Code     0  startup_max32660.o(.text)
    DMA3_IRQHandler                          0x0000014f   Thumb Code     0  startup_max32660.o(.text)
    FLC_IRQHandler                           0x0000014f   Thumb Code     0  startup_max32660.o(.text)
    GPIOWAKE_IRQHandler                      0x0000014f   Thumb Code     0  startup_max32660.o(.text)
    I2C0_IRQHandler                          0x0000014f   Thumb Code     0  startup_max32660.o(.text)
    I2C1_IRQHandler                          0x0000014f   Thumb Code     0  startup_max32660.o(.text)
    PF_IRQHandler                            0x0000014f   Thumb Code     0  startup_max32660.o(.text)
    RSV00_IRQHandler                         0x0000014f   Thumb Code     0  startup_max32660.o(.text)
    RSV01_IRQHandler                         0x0000014f   Thumb Code     0  startup_max32660.o(.text)
    RSV02_IRQHandler                         0x0000014f   Thumb Code     0  startup_max32660.o(.text)
    RSV03_IRQHandler                         0x0000014f   Thumb Code     0  startup_max32660.o(.text)
    RSV04_IRQHandler                         0x0000014f   Thumb Code     0  startup_max32660.o(.text)
    RSV05_IRQHandler                         0x0000014f   Thumb Code     0  startup_max32660.o(.text)
    RSV06_IRQHandler                         0x0000014f   Thumb Code     0  startup_max32660.o(.text)
    RSV07_IRQHandler                         0x0000014f   Thumb Code     0  startup_max32660.o(.text)
    RSV08_IRQHandler                         0x0000014f   Thumb Code     0  startup_max32660.o(.text)
    RSV09_IRQHandler                         0x0000014f   Thumb Code     0  startup_max32660.o(.text)
    RSV10_IRQHandler                         0x0000014f   Thumb Code     0  startup_max32660.o(.text)
    RSV11_IRQHandler                         0x0000014f   Thumb Code     0  startup_max32660.o(.text)
    RSV12_IRQHandler                         0x0000014f   Thumb Code     0  startup_max32660.o(.text)
    RSV13_IRQHandler                         0x0000014f   Thumb Code     0  startup_max32660.o(.text)
    RSV14_IRQHandler                         0x0000014f   Thumb Code     0  startup_max32660.o(.text)
    RSV15_IRQHandler                         0x0000014f   Thumb Code     0  startup_max32660.o(.text)
    RSV16_IRQHandler                         0x0000014f   Thumb Code     0  startup_max32660.o(.text)
    RSV17_IRQHandler                         0x0000014f   Thumb Code     0  startup_max32660.o(.text)
    RSV18_IRQHandler                         0x0000014f   Thumb Code     0  startup_max32660.o(.text)
    RSV19_IRQHandler                         0x0000014f   Thumb Code     0  startup_max32660.o(.text)
    RSV20_IRQHandler                         0x0000014f   Thumb Code     0  startup_max32660.o(.text)
    RSV21_IRQHandler                         0x0000014f   Thumb Code     0  startup_max32660.o(.text)
    RSV22_IRQHandler                         0x0000014f   Thumb Code     0  startup_max32660.o(.text)
    RSV23_IRQHandler                         0x0000014f   Thumb Code     0  startup_max32660.o(.text)
    RSV24_IRQHandler                         0x0000014f   Thumb Code     0  startup_max32660.o(.text)
    RSV25_IRQHandler                         0x0000014f   Thumb Code     0  startup_max32660.o(.text)
    RSV26_IRQHandler                         0x0000014f   Thumb Code     0  startup_max32660.o(.text)
    RSV27_IRQHandler                         0x0000014f   Thumb Code     0  startup_max32660.o(.text)
    RSV28_IRQHandler                         0x0000014f   Thumb Code     0  startup_max32660.o(.text)
    RSV29_IRQHandler                         0x0000014f   Thumb Code     0  startup_max32660.o(.text)
    RSV30_IRQHandler                         0x0000014f   Thumb Code     0  startup_max32660.o(.text)
    RSV31_IRQHandler                         0x0000014f   Thumb Code     0  startup_max32660.o(.text)
    RSV32_IRQHandler                         0x0000014f   Thumb Code     0  startup_max32660.o(.text)
    RSV33_IRQHandler                         0x0000014f   Thumb Code     0  startup_max32660.o(.text)
    RSV34_IRQHandler                         0x0000014f   Thumb Code     0  startup_max32660.o(.text)
    RSV35_IRQHandler                         0x0000014f   Thumb Code     0  startup_max32660.o(.text)
    RTC_IRQHandler                           0x0000014f   Thumb Code     0  startup_max32660.o(.text)
    SPI0_IRQHandler                          0x0000014f   Thumb Code     0  startup_max32660.o(.text)
    SPI1_IRQHandler                          0x0000014f   Thumb Code     0  startup_max32660.o(.text)
    TMR0_IRQHandler                          0x0000014f   Thumb Code     0  startup_max32660.o(.text)
    TMR1_IRQHandler                          0x0000014f   Thumb Code     0  startup_max32660.o(.text)
    TMR2_IRQHandler                          0x0000014f   Thumb Code     0  startup_max32660.o(.text)
    UART0_IRQHandler                         0x0000014f   Thumb Code     0  startup_max32660.o(.text)
    WDT0_IRQHandler                          0x0000014f   Thumb Code     0  startup_max32660.o(.text)
    __aeabi_uldivmod                         0x00000159   Thumb Code    98  uldiv.o(.text)
    __scatterload                            0x000001bd   Thumb Code    28  init.o(.text)
    __scatterload_rt2                        0x000001bd   Thumb Code     0  init.o(.text)
    __aeabi_llsl                             0x000001e1   Thumb Code    30  llshl.o(.text)
    _ll_shift_l                              0x000001e1   Thumb Code     0  llshl.o(.text)
    __aeabi_llsr                             0x000001ff   Thumb Code    32  llushr.o(.text)
    _ll_ushift_r                             0x000001ff   Thumb Code     0  llushr.o(.text)
    __main_after_scatterload                 0x0000021f   Thumb Code    12  system_max32660.o(i.$Sub$$__main_after_scatterload)
    Board_Init                               0x0000022d   Thumb Code    90  board.o(i.Board_Init)
    CommandOperation                         0x00000291   Thumb Code   362  protocol.o(i.CommandOperation)
    Console_Init                             0x00000409   Thumb Code    26  board.o(i.Console_Init)
    GPIO0_IRQHandler                         0x00000431   Thumb Code    10  pb.o(i.GPIO0_IRQHandler)
    GPIO_Config                              0x0000043d   Thumb Code   242  gpio.o(i.GPIO_Config)
    GPIO_Handler                             0x00000535   Thumb Code    88  gpio.o(i.GPIO_Handler)
    GPIO_InGet                               0x00000599   Thumb Code    22  gpio.o(i.GPIO_InGet)
    GPIO_IntConfig                           0x000005b5   Thumb Code   124  gpio.o(i.GPIO_IntConfig)
    GPIO_IntEnable                           0x00000635   Thumb Code    18  gpio.o(i.GPIO_IntEnable)
    GPIO_OutClr                              0x0000064d   Thumb Code    18  gpio.o(i.GPIO_OutClr)
    GPIO_OutSet                              0x00000665   Thumb Code    18  gpio.o(i.GPIO_OutSet)
    GPIO_RegisterCallback                    0x0000067d   Thumb Code    60  gpio.o(i.GPIO_RegisterCallback)
    I2C_Init                                 0x000006e9   Thumb Code   368  i2c.o(i.I2C_Init)
    I2C_MasterRead                           0x00000869   Thumb Code   224  i2c.o(i.I2C_MasterRead)
    I2C_MasterWrite                          0x00000949   Thumb Code   206  i2c.o(i.I2C_MasterWrite)
    I2C_Shutdown                             0x00000af1   Thumb Code   106  i2c.o(i.I2C_Shutdown)
    LED_Init                                 0x00000b69   Thumb Code    48  led.o(i.LED_Init)
    LED_Off                                  0x00000ba1   Thumb Code    20  led.o(i.LED_Off)
    My_Board_Init                            0x00000bb9   Thumb Code   230  my_board.o(i.My_Board_Init)
    NMI_Handler                              0x00000ce9   Thumb Code     4  board.o(i.NMI_Handler)
    PB_Init                                  0x00000ced   Thumb Code    42  pb.o(i.PB_Init)
    PreInit                                  0x00000d21   Thumb Code     4  system_max32660.o(i.PreInit)
    SYS_ClockDisable                         0x00000d25   Thumb Code    42  mxc_sys.o(i.SYS_ClockDisable)
    SYS_ClockEnable                          0x00000d4f   Thumb Code    42  mxc_sys.o(i.SYS_ClockEnable)
    SYS_Clock_Select                         0x00000d79   Thumb Code   556  mxc_sys.o(i.SYS_Clock_Select)
    SYS_I2C_GetFreq                          0x00000fd5   Thumb Code    10  mxc_sys.o(i.SYS_I2C_GetFreq)
    SYS_I2C_Init                             0x00000fe5   Thumb Code    58  mxc_sys.o(i.SYS_I2C_Init)
    SYS_I2C_Shutdown                         0x00001031   Thumb Code   100  mxc_sys.o(i.SYS_I2C_Shutdown)
    SYS_UART_Init                            0x000010a5   Thumb Code   122  mxc_sys.o(i.SYS_UART_Init)
    SysTick_Handler                          0x00001141   Thumb Code     8  mxc_delay.o(i.SysTick_Handler)
    SystemCoreClockUpdate                    0x00001149   Thumb Code    80  system_max32660.o(i.SystemCoreClockUpdate)
    SystemInit                               0x000011ad   Thumb Code   156  system_max32660.o(i.SystemInit)
    UART1_IRQHandler                         0x00001259   Thumb Code    10  my_board.o(i.UART1_IRQHandler)
    UART_ClearFlags                          0x00001269   Thumb Code     4  uart.o(i.UART_ClearFlags)
    UART_Handler                             0x0000126d   Thumb Code    86  uart.o(i.UART_Handler)
    UART_Init                                0x000012d5   Thumb Code   198  uart.o(i.UART_Init)
    UART_NumReadAvail                        0x000013b1   Thumb Code    10  uart.o(i.UART_NumReadAvail)
    UART_NumWriteAvail                       0x000013bb   Thumb Code    14  uart.o(i.UART_NumWriteAvail)
    UART_ReadAsync                           0x000013c9   Thumb Code   150  uart.o(i.UART_ReadAsync)
    UART_Write                               0x0000153d   Thumb Code   136  uart.o(i.UART_Write)
    UART_WriteByte                           0x000015d1   Thumb Code    16  uart.o(i.UART_WriteByte)
    __scatterload_copy                       0x00001683   Thumb Code    14  handlers.o(i.__scatterload_copy)
    __scatterload_null                       0x00001691   Thumb Code     2  handlers.o(i.__scatterload_null)
    __scatterload_zeroinit                   0x00001693   Thumb Code    14  handlers.o(i.__scatterload_zeroinit)
    delay                                    0x000016a1   Thumb Code    12  my_board.o(i.delay)
    main                                     0x000016ad   Thumb Code    66  main.o(i.main)
    max14748_cdir_get                        0x000016fd   Thumb Code    20  my_board.o(i.max14748_cdir_get)
    max14748_fltin_clr                       0x00001715   Thumb Code    10  my_board.o(i.max14748_fltin_clr)
    max14748_fltin_set                       0x00001725   Thumb Code    10  my_board.o(i.max14748_fltin_set)
    max14748_fsus_clr                        0x00001735   Thumb Code    10  my_board.o(i.max14748_fsus_clr)
    max14748_fsus_set                        0x00001745   Thumb Code    10  my_board.o(i.max14748_fsus_set)
    max14748_int_get                         0x00001755   Thumb Code    20  my_board.o(i.max14748_int_get)
    max14748_int_isr                         0x0000176d   Thumb Code     2  my_board.o(i.max14748_int_isr)
    max14748_sysok_get                       0x00001771   Thumb Code    20  my_board.o(i.max14748_sysok_get)
    max1726x_alert_get                       0x00001789   Thumb Code    20  my_board.o(i.max1726x_alert_get)
    maxim_max14748_read_reg                  0x000017a1   Thumb Code    40  max14748.o(i.maxim_max14748_read_reg)
    maxim_max14748_write_reg                 0x000017c9   Thumb Code    30  max14748.o(i.maxim_max14748_write_reg)
    maxim_max1726x_check_por                 0x000017e9   Thumb Code    28  max1726x.o(i.maxim_max1726x_check_por)
    maxim_max1726x_clear_por                 0x00001809   Thumb Code    32  max1726x.o(i.maxim_max1726x_clear_por)
    maxim_max1726x_get_serial_number         0x0000182d   Thumb Code   220  max1726x.o(i.maxim_max1726x_get_serial_number)
    maxim_max1726x_initialize_ez_config      0x00001915   Thumb Code   190  max1726x.o(i.maxim_max1726x_initialize_ez_config)
    maxim_max1726x_read_reg                  0x000019e5   Thumb Code    54  max1726x.o(i.maxim_max1726x_read_reg)
    maxim_max1726x_wait_dnr                  0x00001a1d   Thumb Code    44  max1726x.o(i.maxim_max1726x_wait_dnr)
    maxim_max1726x_write_and_verify_reg      0x00001a51   Thumb Code   118  max1726x.o(i.maxim_max1726x_write_and_verify_reg)
    maxim_max1726x_write_reg                 0x00001acd   Thumb Code    38  max1726x.o(i.maxim_max1726x_write_reg)
    maxim_max32660_async_read_via_uart1      0x00001af5   Thumb Code    30  my_board.o(i.maxim_max32660_async_read_via_uart1)
    maxim_max32660_i2c1_read                 0x00001b21   Thumb Code    26  my_board.o(i.maxim_max32660_i2c1_read)
    maxim_max32660_i2c1_write                0x00001b41   Thumb Code    26  my_board.o(i.maxim_max32660_i2c1_write)
    maxim_max32660_send_string_via_uart1     0x00001b61   Thumb Code    20  my_board.o(i.maxim_max32660_send_string_via_uart1)
    mxc_delay                                0x00001b79   Thumb Code    86  mxc_delay.o(i.mxc_delay)
    mxc_delay_check                          0x00001bd9   Thumb Code    48  mxc_delay.o(i.mxc_delay_check)
    mxc_delay_handler                        0x00001c11   Thumb Code    40  mxc_delay.o(i.mxc_delay_handler)
    mxc_delay_start                          0x00001ce1   Thumb Code    58  mxc_delay.o(i.mxc_delay_start)
    mxc_delay_stop                           0x00001d21   Thumb Code    18  mxc_delay.o(i.mxc_delay_stop)
    mxc_free_lock                            0x00001d3d   Thumb Code    22  mxc_lock.o(i.mxc_free_lock)
    mxc_get_lock                             0x00001d53   Thumb Code    44  mxc_lock.o(i.mxc_get_lock)
    uart1_read_cb                            0x00001d81   Thumb Code     6  my_board.o(i.uart1_read_cb)
    uart1_write_cb                           0x00001d8d   Thumb Code     6  my_board.o(i.uart1_write_cb)
    i2c1_sys_cfg                             0x00001da8   Data           4  my_board.o(.constdata)
    max14748_int_pin                         0x00001dac   Data          12  my_board.o(.constdata)
    max14748_cdir_pin                        0x00001db8   Data          12  my_board.o(.constdata)
    max14748_fsus_pin                        0x00001dc4   Data          12  my_board.o(.constdata)
    max14748_sysok_pin                       0x00001dd0   Data          12  my_board.o(.constdata)
    max14748_fltin_pin                       0x00001ddc   Data          12  my_board.o(.constdata)
    max1726x_alert_pin                       0x00001de8   Data          12  my_board.o(.constdata)
    pb_pin                                   0x00001df4   Data          12  board.o(.constdata)
    num_pbs                                  0x00001e00   Data           4  board.o(.constdata)
    led_pin                                  0x00001e04   Data          12  board.o(.constdata)
    num_leds                                 0x00001e10   Data           4  board.o(.constdata)
    console_uart_cfg                         0x00001e14   Data          16  board.o(.constdata)
    console_uart_sys_cfg                     0x00001e24   Data           2  board.o(.constdata)
    gpio_cfg_tmr0                            0x00001e28   Data          12  mxc_pins.o(.constdata)
    gpio_cfg_uart0rtscts                     0x00001e34   Data          12  mxc_pins.o(.constdata)
    gpio_cfg_uart0a                          0x00001e40   Data          12  mxc_pins.o(.constdata)
    gpio_cfg_uart1rtscts                     0x00001e4c   Data          12  mxc_pins.o(.constdata)
    gpio_cfg_uart1a                          0x00001e58   Data          12  mxc_pins.o(.constdata)
    gpio_cfg_uart1b                          0x00001e64   Data          12  mxc_pins.o(.constdata)
    gpio_cfg_uart1c                          0x00001e70   Data          12  mxc_pins.o(.constdata)
    gpio_cfg_i2c0                            0x00001e7c   Data          12  mxc_pins.o(.constdata)
    gpio_cfg_i2c1                            0x00001e88   Data          12  mxc_pins.o(.constdata)
    gpio_cfg_spi17y                          0x00001e94   Data          12  mxc_pins.o(.constdata)
    gpio_cfg_spimss1a                        0x00001ea0   Data          12  mxc_pins.o(.constdata)
    gpio_cfg_spimss1b                        0x00001eac   Data          12  mxc_pins.o(.constdata)
    gpio_cfg_i2s1a                           0x00001eb8   Data          12  mxc_pins.o(.constdata)
    gpio_cfg_i2s1b                           0x00001ec4   Data          12  mxc_pins.o(.constdata)
    gpio_cfg_swd                             0x00001ed0   Data          12  mxc_pins.o(.constdata)
    gpio_cfg_rtc                             0x00001edc   Data          12  mxc_pins.o(.constdata)
    Region$$Table$$Base                      0x00001ee8   Number         0  anon$$obj.o(Region$$Table)
    Region$$Table$$Limit                     0x00001f08   Number         0  anon$$obj.o(Region$$Table)
    max1726x_ez_config                       0x20000000   Data           8  max1726x.o(.data)
    uart1                                    0x20000008   Data           4  my_board.o(.data)
    uart1_async_read_flag                    0x2000000c   Data           4  my_board.o(.data)
    uart1_async_write_flag                   0x20000010   Data           4  my_board.o(.data)
    command_packet                           0x20000014   Data           8  protocol.o(.data)
    ConsoleUART                              0x2000001c   Data           4  board.o(.data)
    SystemCoreClock                          0x2000003c   Data           4  system_max32660.o(.data)
    max1726x_regs                            0x20000040   Data         512  max1726x.o(.bss)
    max1726x_serialnum                       0x20000240   Data          16  max1726x.o(.bss)
    max1726x_short_ini                       0x20000250   Data          24  max1726x.o(.bss)
    max1726x_full_ini                        0x20000268   Data         102  max1726x.o(.bss)
    max1726x_learned_parameters              0x200002ce   Data          10  max1726x.o(.bss)
    write_req                                0x200002d8   Data          16  my_board.o(.bss)
    read_req                                 0x200002e8   Data          16  my_board.o(.bss)
    max14748_regs                            0x200002f8   Data          54  max14748.o(.bss)
    __initial_sp                             0x200013b0   Data           0  startup_max32660.o(STACK)



==============================================================================

Memory Map of the image

  Image Entry point : 0x0000011d

  Load Region LR_IROM1 (Base: 0x00000000, Size: 0x00001f48, Max: 0x00040000, ABSOLUTE)

    Execution Region ER_IROM1 (Exec base: 0x00000000, Load base: 0x00000000, Size: 0x00001f08, Max: 0x00040000, ABSOLUTE)

    Exec Addr    Load Addr    Size         Type   Attr      Idx    E Section Name        Object

    0x00000000   0x00000000   0x0000011c   Data   RO         2029    RESET               startup_max32660.o
    0x0000011c   0x0000011c   0x00000000   Code   RO         2524  * .ARM.Collect$$$$00000000  mc_w.l(entry.o)
    0x0000011c   0x0000011c   0x00000004   Code   RO         2795    .ARM.Collect$$$$00000001  mc_w.l(entry2.o)
    0x00000120   0x00000120   0x00000004   Code   RO         2525    .ARM.Collect$$$$00000004  mc_w.l(entry5.o)
    0x00000124   0x00000124   0x00000000   Code   RO         2799    .ARM.Collect$$$$00000008  mc_w.l(entry7b.o)
    0x00000124   0x00000124   0x00000000   Code   RO         2801    .ARM.Collect$$$$0000000A  mc_w.l(entry8b.o)
    0x00000124   0x00000124   0x00000008   Code   RO         2802    .ARM.Collect$$$$0000000B  mc_w.l(entry9a.o)
    0x0000012c   0x0000012c   0x00000000   Code   RO         2804    .ARM.Collect$$$$0000000D  mc_w.l(entry10a.o)
    0x0000012c   0x0000012c   0x00000000   Code   RO         2806    .ARM.Collect$$$$0000000F  mc_w.l(entry11a.o)
    0x0000012c   0x0000012c   0x00000004   Code   RO         2796    .ARM.Collect$$$$00002712  mc_w.l(entry2.o)
    0x00000130   0x00000130   0x00000028   Code   RO         2030    .text               startup_max32660.o
    0x00000158   0x00000158   0x00000062   Code   RO         2528    .text               mc_w.l(uldiv.o)
    0x000001ba   0x000001ba   0x00000002   PAD
    0x000001bc   0x000001bc   0x00000024   Code   RO         2808    .text               mc_w.l(init.o)
    0x000001e0   0x000001e0   0x0000001e   Code   RO         2812    .text               mc_w.l(llshl.o)
    0x000001fe   0x000001fe   0x00000020   Code   RO         2814    .text               mc_w.l(llushr.o)
    0x0000021e   0x0000021e   0x0000000c   Code   RO         2037    i.$Sub$$__main_after_scatterload  system_max32660.o
    0x0000022a   0x0000022a   0x00000002   PAD
    0x0000022c   0x0000022c   0x00000064   Code   RO          565    i.Board_Init        board.o
    0x00000290   0x00000290   0x00000178   Code   RO          535    i.CommandOperation  protocol.o
    0x00000408   0x00000408   0x00000028   Code   RO          566    i.Console_Init      board.o
    0x00000430   0x00000430   0x0000000a   Code   RO          672    i.GPIO0_IRQHandler  pb.o
    0x0000043a   0x0000043a   0x00000002   PAD
    0x0000043c   0x0000043c   0x000000f8   Code   RO         2102    i.GPIO_Config       gpio.o
    0x00000534   0x00000534   0x00000064   Code   RO         2103    i.GPIO_Handler      gpio.o
    0x00000598   0x00000598   0x0000001c   Code   RO         2104    i.GPIO_InGet        gpio.o
    0x000005b4   0x000005b4   0x00000080   Code   RO         2107    i.GPIO_IntConfig    gpio.o
    0x00000634   0x00000634   0x00000018   Code   RO         2109    i.GPIO_IntEnable    gpio.o
    0x0000064c   0x0000064c   0x00000018   Code   RO         2111    i.GPIO_OutClr       gpio.o
    0x00000664   0x00000664   0x00000018   Code   RO         2114    i.GPIO_OutSet       gpio.o
    0x0000067c   0x0000067c   0x00000044   Code   RO         2116    i.GPIO_RegisterCallback  gpio.o
    0x000006c0   0x000006c0   0x00000028   Code   RO          825    i.I2C_FreeCallback  i2c.o
    0x000006e8   0x000006e8   0x00000180   Code   RO          827    i.I2C_Init          i2c.o
    0x00000868   0x00000868   0x000000e0   Code   RO          830    i.I2C_MasterRead    i2c.o
    0x00000948   0x00000948   0x000000ce   Code   RO          831    i.I2C_MasterWrite   i2c.o
    0x00000a16   0x00000a16   0x00000018   Code   RO          832    i.I2C_Recover       i2c.o
    0x00000a2e   0x00000a2e   0x00000002   PAD
    0x00000a30   0x00000a30   0x000000c0   Code   RO          833    i.I2C_Setspeed      i2c.o
    0x00000af0   0x00000af0   0x00000078   Code   RO          834    i.I2C_Shutdown      i2c.o
    0x00000b68   0x00000b68   0x00000038   Code   RO          626    i.LED_Init          led.o
    0x00000ba0   0x00000ba0   0x00000018   Code   RO          627    i.LED_Off           led.o
    0x00000bb8   0x00000bb8   0x00000130   Code   RO          290    i.My_Board_Init     my_board.o
    0x00000ce8   0x00000ce8   0x00000004   Code   RO          568    i.NMI_Handler       board.o
    0x00000cec   0x00000cec   0x00000034   Code   RO          674    i.PB_Init           pb.o
    0x00000d20   0x00000d20   0x00000004   Code   RO         2039    i.PreInit           system_max32660.o
    0x00000d24   0x00000d24   0x0000002a   Code   RO         1739    i.SYS_ClockDisable  mxc_sys.o
    0x00000d4e   0x00000d4e   0x0000002a   Code   RO         1741    i.SYS_ClockEnable   mxc_sys.o
    0x00000d78   0x00000d78   0x00000234   Code   RO         1743    i.SYS_Clock_Select  mxc_sys.o
    0x00000fac   0x00000fac   0x00000028   Code   RO         1744    i.SYS_Clock_Timeout  mxc_sys.o
    0x00000fd4   0x00000fd4   0x00000010   Code   RO         1750    i.SYS_I2C_GetFreq   mxc_sys.o
    0x00000fe4   0x00000fe4   0x0000004c   Code   RO         1751    i.SYS_I2C_Init      mxc_sys.o
    0x00001030   0x00001030   0x00000074   Code   RO         1752    i.SYS_I2C_Shutdown  mxc_sys.o
    0x000010a4   0x000010a4   0x0000009c   Code   RO         1771    i.SYS_UART_Init     mxc_sys.o
    0x00001140   0x00001140   0x00000008   Code   RO         1623    i.SysTick_Handler   mxc_delay.o
    0x00001148   0x00001148   0x00000064   Code   RO         2040    i.SystemCoreClockUpdate  system_max32660.o
    0x000011ac   0x000011ac   0x000000ac   Code   RO         2041    i.SystemInit        system_max32660.o
    0x00001258   0x00001258   0x00000010   Code   RO          291    i.UART1_IRQHandler  my_board.o
    0x00001268   0x00001268   0x00000004   Code   RO          945    i.UART_ClearFlags   uart.o
    0x0000126c   0x0000126c   0x00000068   Code   RO          951    i.UART_Handler      uart.o
    0x000012d4   0x000012d4   0x000000dc   Code   RO          952    i.UART_Init         uart.o
    0x000013b0   0x000013b0   0x0000000a   Code   RO          953    i.UART_NumReadAvail  uart.o
    0x000013ba   0x000013ba   0x0000000e   Code   RO          954    i.UART_NumWriteAvail  uart.o
    0x000013c8   0x000013c8   0x000000a4   Code   RO          957    i.UART_ReadAsync    uart.o
    0x0000146c   0x0000146c   0x000000d0   Code   RO          959    i.UART_ReadHandler  uart.o
    0x0000153c   0x0000153c   0x00000094   Code   RO          961    i.UART_Write        uart.o
    0x000015d0   0x000015d0   0x00000010   Code   RO          963    i.UART_WriteByte    uart.o
    0x000015e0   0x000015e0   0x00000088   Code   RO          964    i.UART_WriteHandler  uart.o
    0x00001668   0x00001668   0x0000001a   Code   RO          292    i.__NVIC_EnableIRQ  my_board.o
    0x00001682   0x00001682   0x0000000e   Code   RO         2833    i.__scatterload_copy  mc_w.l(handlers.o)
    0x00001690   0x00001690   0x00000002   Code   RO         2834    i.__scatterload_null  mc_w.l(handlers.o)
    0x00001692   0x00001692   0x0000000e   Code   RO         2835    i.__scatterload_zeroinit  mc_w.l(handlers.o)
    0x000016a0   0x000016a0   0x0000000c   Code   RO          293    i.delay             my_board.o
    0x000016ac   0x000016ac   0x00000050   Code   RO            4    i.main              main.o
    0x000016fc   0x000016fc   0x00000018   Code   RO          294    i.max14748_cdir_get  my_board.o
    0x00001714   0x00001714   0x00000010   Code   RO          295    i.max14748_fltin_clr  my_board.o
    0x00001724   0x00001724   0x00000010   Code   RO          296    i.max14748_fltin_set  my_board.o
    0x00001734   0x00001734   0x00000010   Code   RO          297    i.max14748_fsus_clr  my_board.o
    0x00001744   0x00001744   0x00000010   Code   RO          298    i.max14748_fsus_set  my_board.o
    0x00001754   0x00001754   0x00000018   Code   RO          299    i.max14748_int_get  my_board.o
    0x0000176c   0x0000176c   0x00000002   Code   RO          300    i.max14748_int_isr  my_board.o
    0x0000176e   0x0000176e   0x00000002   PAD
    0x00001770   0x00001770   0x00000018   Code   RO          301    i.max14748_sysok_get  my_board.o
    0x00001788   0x00001788   0x00000018   Code   RO          302    i.max1726x_alert_get  my_board.o
    0x000017a0   0x000017a0   0x00000028   Code   RO          463    i.maxim_max14748_read_reg  max14748.o
    0x000017c8   0x000017c8   0x0000001e   Code   RO          464    i.maxim_max14748_write_reg  max14748.o
    0x000017e6   0x000017e6   0x00000002   PAD
    0x000017e8   0x000017e8   0x00000020   Code   RO          148    i.maxim_max1726x_check_por  max1726x.o
    0x00001808   0x00001808   0x00000024   Code   RO          149    i.maxim_max1726x_clear_por  max1726x.o
    0x0000182c   0x0000182c   0x000000e8   Code   RO          152    i.maxim_max1726x_get_serial_number  max1726x.o
    0x00001914   0x00001914   0x000000d0   Code   RO          154    i.maxim_max1726x_initialize_ez_config  max1726x.o
    0x000019e4   0x000019e4   0x00000036   Code   RO          158    i.maxim_max1726x_read_reg  max1726x.o
    0x00001a1a   0x00001a1a   0x00000002   PAD
    0x00001a1c   0x00001a1c   0x00000034   Code   RO          163    i.maxim_max1726x_wait_dnr  max1726x.o
    0x00001a50   0x00001a50   0x0000007c   Code   RO          164    i.maxim_max1726x_write_and_verify_reg  max1726x.o
    0x00001acc   0x00001acc   0x00000026   Code   RO          166    i.maxim_max1726x_write_reg  max1726x.o
    0x00001af2   0x00001af2   0x00000002   PAD
    0x00001af4   0x00001af4   0x0000002c   Code   RO          303    i.maxim_max32660_async_read_via_uart1  my_board.o
    0x00001b20   0x00001b20   0x00000020   Code   RO          305    i.maxim_max32660_i2c1_read  my_board.o
    0x00001b40   0x00001b40   0x00000020   Code   RO          306    i.maxim_max32660_i2c1_write  my_board.o
    0x00001b60   0x00001b60   0x00000018   Code   RO          308    i.maxim_max32660_send_string_via_uart1  my_board.o
    0x00001b78   0x00001b78   0x00000060   Code   RO         1624    i.mxc_delay         mxc_delay.o
    0x00001bd8   0x00001bd8   0x00000038   Code   RO         1625    i.mxc_delay_check   mxc_delay.o
    0x00001c10   0x00001c10   0x0000002c   Code   RO         1626    i.mxc_delay_handler  mxc_delay.o
    0x00001c3c   0x00001c3c   0x000000a4   Code   RO         1627    i.mxc_delay_init    mxc_delay.o
    0x00001ce0   0x00001ce0   0x00000040   Code   RO         1628    i.mxc_delay_start   mxc_delay.o
    0x00001d20   0x00001d20   0x0000001c   Code   RO         1629    i.mxc_delay_stop    mxc_delay.o
    0x00001d3c   0x00001d3c   0x00000016   Code   RO         1684    i.mxc_free_lock     mxc_lock.o
    0x00001d52   0x00001d52   0x0000002c   Code   RO         1685    i.mxc_get_lock      mxc_lock.o
    0x00001d7e   0x00001d7e   0x00000002   PAD
    0x00001d80   0x00001d80   0x0000000c   Code   RO          309    i.uart1_read_cb     my_board.o
    0x00001d8c   0x00001d8c   0x0000000c   Code   RO          310    i.uart1_write_cb    my_board.o
    0x00001d98   0x00001d98   0x0000000e   Code   RO          966    i.uart_error_clear  uart.o
    0x00001da6   0x00001da6   0x00000002   PAD
    0x00001da8   0x00001da8   0x0000004c   Data   RO          312    .constdata          my_board.o
    0x00001df4   0x00001df4   0x00000032   Data   RO          570    .constdata          board.o
    0x00001e26   0x00001e26   0x00000002   PAD
    0x00001e28   0x00001e28   0x000000c0   Data   RO         1714    .constdata          mxc_pins.o
    0x00001ee8   0x00001ee8   0x00000020   Data   RO         2831    Region$$Table       anon$$obj.o


    Execution Region RW_IRAM1 (Exec base: 0x20000000, Load base: 0x00001f08, Size: 0x000013b0, Max: 0x00018000, ABSOLUTE)

    Exec Addr    Load Addr    Size         Type   Attr      Idx    E Section Name        Object

    0x20000000   0x00001f08   0x00000008   Data   RW          168    .data               max1726x.o
    0x20000008   0x00001f10   0x0000000c   Data   RW          313    .data               my_board.o
    0x20000014   0x00001f1c   0x00000008   Data   RW          536    .data               protocol.o
    0x2000001c   0x00001f24   0x00000004   Data   RW          571    .data               board.o
    0x20000020   0x00001f28   0x00000010   Data   RW          967    .data               uart.o
    0x20000030   0x00001f38   0x0000000c   Data   RW         1630    .data               mxc_delay.o
    0x2000003c   0x00001f44   0x00000004   Data   RW         2042    .data               system_max32660.o
    0x20000040        -       0x00000298   Zero   RW          167    .bss                max1726x.o
    0x200002d8        -       0x00000020   Zero   RW          311    .bss                my_board.o
    0x200002f8        -       0x00000036   Zero   RW          465    .bss                max14748.o
    0x2000032e   0x00001f48   0x00000002   PAD
    0x20000330        -       0x00000010   Zero   RW          838    .bss                i2c.o
    0x20000340        -       0x00000070   Zero   RW         2117    .bss                gpio.o
    0x200003b0        -       0x00001000   Zero   RW         2027    STACK               startup_max32660.o


==============================================================================

Image component sizes


      Code (inc. data)   RO Data    RW Data    ZI Data      Debug   Object Name

       144         24         50          4          0       3522   board.o
       644         60          0          0        112       6492   gpio.o
      1190         42          0          0         16       7321   i2c.o
        80         12          0          0          0       1273   led.o
        80         14          0          0          0     114559   main.o
        70          0          0          0         54       1789   max14748.o
       776         52          0          8        664      10107   max1726x.o
       460         58          0         12          0       4919   mxc_delay.o
        66          0          0          0          0       1835   mxc_lock.o
         0          0        192          0          0       1446   mxc_pins.o
      1052         82          0          0          0      11104   mxc_sys.o
       676        162         76         12         32      70224   my_board.o
        62         10          0          0          0       1221   pb.o
       376         20          0          8          0       1428   protocol.o
        40          8        284          0       4096        824   startup_max32660.o
       288         36          0          4          0       2550   system_max32660.o
      1038         78          0         16          0      10045   uart.o

    ----------------------------------------------------------------------
      7060        658        636         64       4976     250659   Object Totals
         0          0         32          0          0          0   (incl. Generated)
        18          0          2          0          2          0   (incl. Padding)

    ----------------------------------------------------------------------

      Code (inc. data)   RO Data    RW Data    ZI Data      Debug   Library Member Name

         0          0          0          0          0          0   entry.o
         0          0          0          0          0          0   entry10a.o
         0          0          0          0          0          0   entry11a.o
         8          4          0          0          0          0   entry2.o
         4          0          0          0          0          0   entry5.o
         0          0          0          0          0          0   entry7b.o
         0          0          0          0          0          0   entry8b.o
         8          4          0          0          0          0   entry9a.o
        30          0          0          0          0          0   handlers.o
        36          8          0          0          0         68   init.o
        30          0          0          0          0         68   llshl.o
        32          0          0          0          0         68   llushr.o
        98          0          0          0          0         92   uldiv.o

    ----------------------------------------------------------------------
       248         16          0          0          0        296   Library Totals
         2          0          0          0          0          0   (incl. Padding)

    ----------------------------------------------------------------------

      Code (inc. data)   RO Data    RW Data    ZI Data      Debug   Library Name

       246         16          0          0          0        296   mc_w.l

    ----------------------------------------------------------------------
       248         16          0          0          0        296   Library Totals

    ----------------------------------------------------------------------

==============================================================================


      Code (inc. data)   RO Data    RW Data    ZI Data      Debug   

      7308        674        636         64       4976     243207   Grand Totals
      7308        674        636         64       4976     243207   ELF Image Totals
      7308        674        636         64          0          0   ROM Totals

==============================================================================

    Total RO  Size (Code + RO Data)                 7944 (   7.76kB)
    Total RW  Size (RW Data + ZI Data)              5040 (   4.92kB)
    Total ROM Size (Code + RO Data + RW Data)       8008 (   7.82kB)

==============================================================================

