<html>
<body>
<pre>
<h1>µVision Build Log</h1>
<h2>Tool Versions:</h2>
IDE-Version: µVision V5.26.2.0
Copyright (C) 2018 ARM Ltd and ARM Germany GmbH. All rights reserved.
License Information: Ning Jia Maxim Flex license: MDK-ARM Plus: 4 user(s) (mdk_plus) Support: Apr 2020
 
Tool Versions:
Toolchain:       MDK-ARM Plus: 4 user(s)  Version: 5.26.2.0
Toolchain Path:  C:\Keil_v5\ARM\ARMCC\Bin
C Compiler:      Armcc.exe V5.06 update 6 (build 750)
Assembler:       Armasm.exe V5.06 update 6 (build 750)
Linker/Locator:  ArmLink.exe V5.06 update 6 (build 750)
Library Manager: ArmAr.exe V5.06 update 6 (build 750)
Hex Converter:   FromElf.exe V5.06 update 6 (build 750)
CPU DLL:         SARMCM3.DLL V5.26.2.0
Dialog DLL:      DCM.DLL V1.17.2.0
Target DLL:      CMSIS_AGDI.dll V1.30.6.0
Dialog DLL:      TCM.DLL V1.36.1.0
 
<h2>Project:</h2>
C:\_Ning\Ref Design\USB Charger\Firmware\UsbCharger\UsbCharger.uvprojx
Project File Date:  04/25/2020

<h2>Output:</h2>
*** Using Compiler 'V5.06 update 6 (build 750)', folder: 'C:\Keil_v5\ARM\ARMCC\Bin'
Rebuild target 'Target 1'
compiling led.c...
compiling max14748.c...
compiling max14746.c...
compiling main.c...
compiling protocol.c...
compiling board.c...
compiling my_board.c...
compiling max1726x.c...
compiling pb.c...
compiling flc.c...
compiling stdio.c...
compiling icc.c...
compiling mxc_assert.c...
compiling lp.c...
compiling uart.c...
compiling i2c.c...
assembling startup_max32660.s...
compiling mxc_delay.c...
compiling nvic_table.c...
compiling mxc_pins.c...
compiling gpio.c...
compiling mxc_lock.c...
compiling mxc_sys.c...
compiling system_max32660.c...
compiling rtc.c...
compiling tmr.c...
compiling tmr_utils.c...
linking...
Program Size: Code=7308 RO-data=636 RW-data=64 ZI-data=4976  
FromELF: creating hex file...
".\Objects\UsbCharger.axf" - 0 Error(s), 0 Warning(s).

<h2>Software Packages used:</h2>

Package Vendor: ARM
                http://www.keil.com/pack/ARM.CMSIS.5.4.0.pack
                ARM.CMSIS.5.4.0
                CMSIS (Cortex Microcontroller Software Interface Standard)
   * Component: CORE Version: 5.1.2

Package Vendor: Maxim
                http://www.mxim.net/microcontroller/pack/Maxim.MAX32660.1.1.2.pack
                Maxim.MAX32660.1.1.2
                Maxim Integrated MAX32660 Device Support, Board Support Package and Examples
   * Component: Board Support Version: 1.1.2
   * Component: I2C Version: 1.1.2
   * Component: UART Version: 1.1.2
   * Component: Startup Version: 1.1.2
   * Component: GPIO Version: 1.1.2
   * Component: RTC Version: 1.1.2
   * Component: Timers Version: 1.1.2

<h2>Collection of Component include folders:</h2>
  .\RTE\Device\MAX32660
  .\RTE\_Target_1
  C:\Keil_v5\ARM\PACK\ARM\CMSIS\5.4.0\CMSIS\Core\Include
  C:\Keil_v5\ARM\PACK\Maxim\MAX32660\1.1.2\Boards\Maxim\MAX32660_EVKIT\Common\EvKit_V1\Include
  C:\Keil_v5\ARM\PACK\Maxim\MAX32660\1.1.2\Boards\Maxim\MAX32660_EVKIT\Common\Include
  C:\Keil_v5\ARM\PACK\Maxim\MAX32660\1.1.2\Libraries\Device\Maxim\MAX32660\Include
  C:\Keil_v5\ARM\PACK\Maxim\MAX32660\1.1.2\Libraries\MAX32660PeriphDriver\Include

<h2>Collection of Component Files used:</h2>

   * Component: ARM::CMSIS:CORE:5.1.2

   * Component: Maxim.MAX32660 EVKIT Board Support::BSP:Board Support:1.1.2
      Source file:   Boards\Maxim\MAX32660_EVKIT\Common\Source\pb.c
      Source file:   Boards\Maxim\MAX32660_EVKIT\Common\EvKit_V1\Source\board.c
      Source file:   Boards\Maxim\MAX32660_EVKIT\Common\Source\stdio.c
      Source file:   Boards\Maxim\MAX32660_EVKIT\Common\Source\led.c

   * Component: Maxim::Communications:I2C:1.1.2
      Source file:   Libraries\MAX32660PeriphDriver\Source\i2c.c

   * Component: Maxim::Communications:UART:1.1.2
      Source file:   Libraries\MAX32660PeriphDriver\Source\uart.c

   * Component: Maxim::Device:Startup:1.1.2
      Include file:  Libraries\Device\Maxim\MAX32660\Include\max32660.h
      Source file:   Libraries\MAX32660PeriphDriver\Source\mxc_lock.c
      Source file:   Libraries\MAX32660PeriphDriver\Source\mxc_assert.c
      Source file:   Libraries\MAX32660PeriphDriver\Source\mxc_sys.c
      Source file:   Libraries\MAX32660PeriphDriver\Source\icc.c
      Source file:   Libraries\Device\Maxim\MAX32660\Source\system_max32660.c
      Source file:   Libraries\MAX32660PeriphDriver\Source\flc.c
      Source file:   Libraries\MAX32660PeriphDriver\Source\mxc_pins.c
      Source file:   Libraries\MAX32660PeriphDriver\Source\lp.c
      Include file:  Libraries\MAX32660PeriphDriver\Include\mxc_config.h
      Source file:   Libraries\MAX32660PeriphDriver\Source\mxc_delay.c
      Source file:   Libraries\MAX32660PeriphDriver\Source\nvic_table.c
      Source file:   Libraries\Device\Maxim\MAX32660\Source\ARM\startup_max32660.s

   * Component: Maxim::Peripherals:GPIO:1.1.2
      Source file:   Libraries\MAX32660PeriphDriver\Source\gpio.c

   * Component: Maxim::Peripherals:RTC:1.1.2
      Source file:   Libraries\MAX32660PeriphDriver\Source\rtc.c

   * Component: Maxim::Peripherals:Timers:1.1.2
      Source file:   Libraries\MAX32660PeriphDriver\Source\tmr.c
      Source file:   Libraries\MAX32660PeriphDriver\Source\tmr_utils.c
Build Time Elapsed:  00:00:16
</pre>
</body>
</html>
